
> react-typescript-starter@0.1.0 test
> react-scripts test --coverage

PASS src/list-components/adminlist.test.tsx
  ● Console

    console.error
      Warning: ReactDOM.render is no longer supported in React 18. Use createRoot instead. Until you switch to the new API, your app will behave as if it's running React 17. Learn more: https://reactjs.org/link/switch-to-createroot

       7 | export const renderWithDnd = (ui: {} | null | undefined) => {
       8 |     // eslint-disable-next-line react/prop-types
    >  9 |     return render(<DndProvider backend={HTML5Backend}>{ui}</DndProvider>);
         |            ^
      10 | };
      11 |

      at printWarning (node_modules/react-dom/cjs/react-dom.development.js:86:30)
      at error (node_modules/react-dom/cjs/react-dom.development.js:60:7)
      at Object.render (node_modules/react-dom/cjs/react-dom.development.js:29670:5)
      at node_modules/@testing-library/react/dist/pure.js:101:25
      at act (node_modules/react/cjs/react.development.js:2512:16)
      at render (node_modules/@testing-library/react/dist/pure.js:97:26)
      at renderWithDnd (src/CustomRender.tsx:9:12)
      at Object.<anonymous> (src/list-components/adminlist.test.tsx:104:9)

    console.error
      Warning: validateDOMNesting(...): <div> cannot appear as a descendant of <p>.
          at div
          at /home/runner/work/team18/team18/node_modules/react-bootstrap/cjs/FormCheck.js:31:3
          at div
          at EditStatus (/home/runner/work/team18/team18/src/editing-components/EditStatus.tsx:22:56)
          at CallEditStatus
          at p
          at div
          at div
          at DisplayTask (/home/runner/work/team18/team18/src/list-components/DisplayTask.tsx:19:43)
          at div
          at DisplayCorrectList
          at div
          at AdminList (/home/runner/work/team18/team18/src/list-components/adminlist.tsx:23:29)
          at DndProvider (/home/runner/work/team18/team18/node_modules/react-dnd/src/core/DndProvider.tsx:28:25)

      at printWarning (node_modules/react-dom/cjs/react-dom.development.js:86:30)
      at error (node_modules/react-dom/cjs/react-dom.development.js:60:7)
      at validateDOMNesting (node_modules/react-dom/cjs/react-dom.development.js:10849:7)
      at createInstance (node_modules/react-dom/cjs/react-dom.development.js:10930:5)
      at completeWork (node_modules/react-dom/cjs/react-dom.development.js:22187:28)
      at completeUnitOfWork (node_modules/react-dom/cjs/react-dom.development.js:26593:16)
      at performUnitOfWork (node_modules/react-dom/cjs/react-dom.development.js:26568:5)
      at workLoopSync (node_modules/react-dom/cjs/react-dom.development.js:26466:5)

    console.error
      Warning: validateDOMNesting(...): <ol> cannot appear as a descendant of <p>.
          at ol
          at p
          at div
          at div
          at DisplayTask (/home/runner/work/team18/team18/src/list-components/DisplayTask.tsx:19:43)
          at div
          at DisplayCorrectList
          at div
          at AdminList (/home/runner/work/team18/team18/src/list-components/adminlist.tsx:23:29)
          at DndProvider (/home/runner/work/team18/team18/node_modules/react-dnd/src/core/DndProvider.tsx:28:25)

      at printWarning (node_modules/react-dom/cjs/react-dom.development.js:86:30)
      at error (node_modules/react-dom/cjs/react-dom.development.js:60:7)
      at validateDOMNesting (node_modules/react-dom/cjs/react-dom.development.js:10849:7)
      at createInstance (node_modules/react-dom/cjs/react-dom.development.js:10930:5)
      at completeWork (node_modules/react-dom/cjs/react-dom.development.js:22187:28)
      at completeUnitOfWork (node_modules/react-dom/cjs/react-dom.development.js:26593:16)
      at performUnitOfWork (node_modules/react-dom/cjs/react-dom.development.js:26568:5)
      at workLoopSync (node_modules/react-dom/cjs/react-dom.development.js:26466:5)

    console.error
      Warning: ReactDOM.render is no longer supported in React 18. Use createRoot instead. Until you switch to the new API, your app will behave as if it's running React 17. Learn more: https://reactjs.org/link/switch-to-createroot

       7 | export const renderWithDnd = (ui: {} | null | undefined) => {
       8 |     // eslint-disable-next-line react/prop-types
    >  9 |     return render(<DndProvider backend={HTML5Backend}>{ui}</DndProvider>);
         |            ^
      10 | };
      11 |

      at printWarning (node_modules/react-dom/cjs/react-dom.development.js:86:30)
      at error (node_modules/react-dom/cjs/react-dom.development.js:60:7)
      at Object.render (node_modules/react-dom/cjs/react-dom.development.js:29670:5)
      at node_modules/@testing-library/react/dist/pure.js:101:25
      at act (node_modules/react/cjs/react.development.js:2512:16)
      at render (node_modules/@testing-library/react/dist/pure.js:97:26)
      at renderWithDnd (src/CustomRender.tsx:9:12)
      at Object.<anonymous> (src/list-components/adminlist.test.tsx:129:9)

    console.error
      Warning: ReactDOM.render is no longer supported in React 18. Use createRoot instead. Until you switch to the new API, your app will behave as if it's running React 17. Learn more: https://reactjs.org/link/switch-to-createroot

       7 | export const renderWithDnd = (ui: {} | null | undefined) => {
       8 |     // eslint-disable-next-line react/prop-types
    >  9 |     return render(<DndProvider backend={HTML5Backend}>{ui}</DndProvider>);
         |            ^
      10 | };
      11 |

      at printWarning (node_modules/react-dom/cjs/react-dom.development.js:86:30)
      at error (node_modules/react-dom/cjs/react-dom.development.js:60:7)
      at Object.render (node_modules/react-dom/cjs/react-dom.development.js:29670:5)
      at node_modules/@testing-library/react/dist/pure.js:101:25
      at act (node_modules/react/cjs/react.development.js:2512:16)
      at render (node_modules/@testing-library/react/dist/pure.js:97:26)
      at renderWithDnd (src/CustomRender.tsx:9:12)
      at Object.<anonymous> (src/list-components/adminlist.test.tsx:129:9)

    console.error
      Warning: ReactDOM.render is no longer supported in React 18. Use createRoot instead. Until you switch to the new API, your app will behave as if it's running React 17. Learn more: https://reactjs.org/link/switch-to-createroot

       7 | export const renderWithDnd = (ui: {} | null | undefined) => {
       8 |     // eslint-disable-next-line react/prop-types
    >  9 |     return render(<DndProvider backend={HTML5Backend}>{ui}</DndProvider>);
         |            ^
      10 | };
      11 |

      at printWarning (node_modules/react-dom/cjs/react-dom.development.js:86:30)
      at error (node_modules/react-dom/cjs/react-dom.development.js:60:7)
      at Object.render (node_modules/react-dom/cjs/react-dom.development.js:29670:5)
      at node_modules/@testing-library/react/dist/pure.js:101:25
      at act (node_modules/react/cjs/react.development.js:2512:16)
      at render (node_modules/@testing-library/react/dist/pure.js:97:26)
      at renderWithDnd (src/CustomRender.tsx:9:12)
      at Object.<anonymous> (src/list-components/adminlist.test.tsx:129:9)

    console.error
      Warning: ReactDOM.render is no longer supported in React 18. Use createRoot instead. Until you switch to the new API, your app will behave as if it's running React 17. Learn more: https://reactjs.org/link/switch-to-createroot

       7 | export const renderWithDnd = (ui: {} | null | undefined) => {
       8 |     // eslint-disable-next-line react/prop-types
    >  9 |     return render(<DndProvider backend={HTML5Backend}>{ui}</DndProvider>);
         |            ^
      10 | };
      11 |

      at printWarning (node_modules/react-dom/cjs/react-dom.development.js:86:30)
      at error (node_modules/react-dom/cjs/react-dom.development.js:60:7)
      at Object.render (node_modules/react-dom/cjs/react-dom.development.js:29670:5)
      at node_modules/@testing-library/react/dist/pure.js:101:25
      at act (node_modules/react/cjs/react.development.js:2512:16)
      at render (node_modules/@testing-library/react/dist/pure.js:97:26)
      at renderWithDnd (src/CustomRender.tsx:9:12)
      at Object.<anonymous> (src/list-components/adminlist.test.tsx:129:9)

    console.error
      Warning: ReactDOM.render is no longer supported in React 18. Use createRoot instead. Until you switch to the new API, your app will behave as if it's running React 17. Learn more: https://reactjs.org/link/switch-to-createroot

       7 | export const renderWithDnd = (ui: {} | null | undefined) => {
       8 |     // eslint-disable-next-line react/prop-types
    >  9 |     return render(<DndProvider backend={HTML5Backend}>{ui}</DndProvider>);
         |            ^
      10 | };
      11 |

      at printWarning (node_modules/react-dom/cjs/react-dom.development.js:86:30)
      at error (node_modules/react-dom/cjs/react-dom.development.js:60:7)
      at Object.render (node_modules/react-dom/cjs/react-dom.development.js:29670:5)
      at node_modules/@testing-library/react/dist/pure.js:101:25
      at act (node_modules/react/cjs/react.development.js:2512:16)
      at render (node_modules/@testing-library/react/dist/pure.js:97:26)
      at renderWithDnd (src/CustomRender.tsx:9:12)
      at Object.<anonymous> (src/list-components/adminlist.test.tsx:129:9)

    console.error
      Warning: ReactDOM.render is no longer supported in React 18. Use createRoot instead. Until you switch to the new API, your app will behave as if it's running React 17. Learn more: https://reactjs.org/link/switch-to-createroot

       7 | export const renderWithDnd = (ui: {} | null | undefined) => {
       8 |     // eslint-disable-next-line react/prop-types
    >  9 |     return render(<DndProvider backend={HTML5Backend}>{ui}</DndProvider>);
         |            ^
      10 | };
      11 |

      at printWarning (node_modules/react-dom/cjs/react-dom.development.js:86:30)
      at error (node_modules/react-dom/cjs/react-dom.development.js:60:7)
      at Object.render (node_modules/react-dom/cjs/react-dom.development.js:29670:5)
      at node_modules/@testing-library/react/dist/pure.js:101:25
      at act (node_modules/react/cjs/react.development.js:2512:16)
      at render (node_modules/@testing-library/react/dist/pure.js:97:26)
      at renderWithDnd (src/CustomRender.tsx:9:12)
      at Object.<anonymous> (src/list-components/adminlist.test.tsx:129:9)

    console.error
      Warning: ReactDOM.render is no longer supported in React 18. Use createRoot instead. Until you switch to the new API, your app will behave as if it's running React 17. Learn more: https://reactjs.org/link/switch-to-createroot

       7 | export const renderWithDnd = (ui: {} | null | undefined) => {
       8 |     // eslint-disable-next-line react/prop-types
    >  9 |     return render(<DndProvider backend={HTML5Backend}>{ui}</DndProvider>);
         |            ^
      10 | };
      11 |

      at printWarning (node_modules/react-dom/cjs/react-dom.development.js:86:30)
      at error (node_modules/react-dom/cjs/react-dom.development.js:60:7)
      at Object.render (node_modules/react-dom/cjs/react-dom.development.js:29670:5)
      at node_modules/@testing-library/react/dist/pure.js:101:25
      at act (node_modules/react/cjs/react.development.js:2512:16)
      at render (node_modules/@testing-library/react/dist/pure.js:97:26)
      at renderWithDnd (src/CustomRender.tsx:9:12)
      at Object.<anonymous> (src/list-components/adminlist.test.tsx:210:9)

    console.error
      Warning: ReactDOM.render is no longer supported in React 18. Use createRoot instead. Until you switch to the new API, your app will behave as if it's running React 17. Learn more: https://reactjs.org/link/switch-to-createroot

       7 | export const renderWithDnd = (ui: {} | null | undefined) => {
       8 |     // eslint-disable-next-line react/prop-types
    >  9 |     return render(<DndProvider backend={HTML5Backend}>{ui}</DndProvider>);
         |            ^
      10 | };
      11 |

      at printWarning (node_modules/react-dom/cjs/react-dom.development.js:86:30)
      at error (node_modules/react-dom/cjs/react-dom.development.js:60:7)
      at Object.render (node_modules/react-dom/cjs/react-dom.development.js:29670:5)
      at node_modules/@testing-library/react/dist/pure.js:101:25
      at act (node_modules/react/cjs/react.development.js:2512:16)
      at render (node_modules/@testing-library/react/dist/pure.js:97:26)
      at renderWithDnd (src/CustomRender.tsx:9:12)
      at Object.<anonymous> (src/list-components/adminlist.test.tsx:229:9)

PASS src/list-components/filterlists.test.tsx
PASS src/App.test.tsx
  ● Console

    console.error
      Warning: ReactDOM.render is no longer supported in React 18. Use createRoot instead. Until you switch to the new API, your app will behave as if it's running React 17. Learn more: https://reactjs.org/link/switch-to-createroot

       7 | export const renderWithDnd = (ui: {} | null | undefined) => {
       8 |     // eslint-disable-next-line react/prop-types
    >  9 |     return render(<DndProvider backend={HTML5Backend}>{ui}</DndProvider>);
         |            ^
      10 | };
      11 |

      at printWarning (node_modules/react-dom/cjs/react-dom.development.js:86:30)
      at error (node_modules/react-dom/cjs/react-dom.development.js:60:7)
      at Object.render (node_modules/react-dom/cjs/react-dom.development.js:29670:5)
      at node_modules/@testing-library/react/dist/pure.js:101:25
      at act (node_modules/react/cjs/react.development.js:2512:16)
      at render (node_modules/@testing-library/react/dist/pure.js:97:26)
      at renderWithDnd (src/CustomRender.tsx:9:12)
      at Object.<anonymous> (src/App.test.tsx:54:9)

    console.log
      Central Item List

      at CentralItemList (src/list-components/CentralItemList.tsx:124:26)

    console.log
      {
        id: 0,
        name: 'Homework',
        description: 'Get it done before the deadline.',
        status: false,
        image: 'homework.jpg',
        steps: [ 'Sharpen pencil', 'Open notepad', 'Finish that homework!' ],
        difficulty: 0,
        numUsers: 0,
        time: '18:00',
        pendingMode: false
      } {
        id: 1,
        name: 'Get gas',
        description: 'The car needs gas refil your tank.',
        status: false,
        image: 'gas.jpg',
        steps: [
          'Realize your almost empty',
          'Frantically find a gas station',
          'Fill up the tank'
        ],
        difficulty: 3,
        numUsers: 0,
        time: '13:45',
        pendingMode: false
      } {
        id: 2,
        name: 'Cook dinner',
        description: "It's time for a great meal!",
        status: false,
        image: 'cook-dinner.jpg',
        steps: [ 'Buy ingredients', 'Prep ingredients', 'Stir Fry!' ],
        difficulty: 3,
        numUsers: 0,
        time: '17:45',
        pendingMode: false
      } {
        id: 3,
        name: 'Breakfast',
        description: 'Enjoy your morning with your favorite breakfast food!',
        status: false,
        image: 'make-breakfast.jpg',
        steps: [ 'Blend smootie', 'Eat eggs', 'Devour' ],
        difficulty: 3,
        numUsers: 0,
        time: '07:00',
        pendingMode: false
      } {
        id: 4,
        name: 'Go to class',
        description: 'Attend you lectures to keep up in class.',
        status: false,
        image: 'to-class.jpg',
        steps: [ 'Pack bag', 'Start walking', 'Learn!' ],
        difficulty: 3,
        numUsers: 0,
        time: '11:30',
        pendingMode: false
      } {
        id: 5,
        name: 'Birthday Party!',
        description: "Celebrate a friend's or familiy member's big day!!",
        status: false,
        image: 'birthday.jpg',
        steps: [ 'Buy gift', 'Wrap gift', 'Celebrate!' ],
        difficulty: 3,
        numUsers: 0,
        time: '17:30',
        pendingMode: false
      } {
        id: 6,
        name: 'Favorite Hobby',
        description: 'Make time for what you love!',
        status: false,
        image: 'hobby.jpg',
        steps: [
          'Take time off',
          'Sit back and relax',
          'Enjoy your hobby of choice.'
        ],
        difficulty: 3,
        numUsers: 0,
        time: '19:30',
        pendingMode: false
      } {
        id: 7,
        name: 'Metaverse Double Life',
        description: 'The real world not cutting it? Let the Metaverse fuel your wildest desires!',
        status: false,
        image: 'metaverse.png',
        steps: [],
        difficulty: 3,
        numUsers: 0,
        time: '11:30',
        pendingMode: false
      } {
        id: 8,
        name: 'Research',
        description: 'Whether your deep into the furthest reaches of AI tech, or discovering how much ketchup is the perfect amount for every fry, make time for your undiscovered knowledge!.',
        status: false,
        image: 'research.jpg',
        steps: [
          'Put on lab coat',
          'Review safety modules',
          "Don't spill any chemicals"
        ],
        difficulty: 3,
        numUsers: 0,
        time: '12:00',
        pendingMode: false
      } {
        id: 9,
        name: 'Gardening',
        description: 'Tend those taters!',
        status: false,
        image: 'gardening.png',
        steps: [
          'Put on gloves and overalls',
          'Repot that plant.',
          'Get hands dirty'
        ],
        difficulty: 3,
        numUsers: 0,
        time: '08:00',
        pendingMode: false
      } {
        id: 10,
        name: 'Dance Recital',
        description: 'I like to tango.',
        status: false,
        image: 'dance.png',
        steps: [ 'Get dressed up', 'Drive to dance', 'Have fun!' ],
        difficulty: 3,
        numUsers: 0,
        time: '15:30',
        pendingMode: false
      } {
        id: 11,
        name: 'Feed cat',
        description: 'Your pet needs food',
        status: false,
        image: 'feedcat.jpg',
        steps: [ 'Grab kibble', 'Pour' ],
        difficulty: 3,
        numUsers: 0,
        time: '08:15',
        pendingMode: false
      } {
        id: 12,
        name: 'Wash car',
        description: "Car's looking a little muddy",
        status: false,
        image: 'carwash.jpg',
        steps: [ 'Notice bird poop', 'Groan', 'Drive to carwash', 'Pay up.' ],
        difficulty: 3,
        numUsers: 0,
        time: '08:00',
        pendingMode: false
      } {
        id: 13,
        name: 'Team meeting',
        description: 'preparing for delivery to boss',
        status: false,
        image: 'team-meeting.png',
        steps: [
          'Schedule meeting time',
          'Arrive',
          'Wait 15 minutes for late teammate',
          'Discuss'
        ],
        difficulty: 3,
        numUsers: 0,
        time: '11:15',
        pendingMode: false
      } {
        id: 14,
        name: 'Study',
        description: 'Get ready for your exams',
        status: false,
        image: 'study.jpg',
        steps: [ 'Grab a textbook', 'Review notes', 'Hope and pray' ],
        difficulty: 3,
        numUsers: 0,
        time: '17:30',
        pendingMode: false
      } {
        id: 15,
        name: 'Violin practice',
        description: 'The school band needs your talent',
        status: false,
        image: 'violin.jpg',
        steps: [ 'Review sheet music', 'Play' ],
        difficulty: 3,
        numUsers: 0,
        time: '12:30',
        pendingMode: false
      } {
        id: 16,
        name: 'Clean kitchen',
        description: 'Stains. everywhere.',
        status: false,
        image: 'clean-kitchen.png',
        steps: [ 'Grab a bucket', 'And a mop', 'Get scrubing!' ],
        difficulty: 3,
        numUsers: 0,
        time: '11:30',
        pendingMode: false
      } {
        id: 17,
        name: 'Walk dog',
        description: 'Take the puppy for a walk around the park.',
        status: false,
        image: 'walk-dog.jpg',
        steps: [ 'Put leash on', 'Enjoy some fresh air', 'Scoop poop' ],
        difficulty: 2,
        numUsers: 0,
        time: '18:00',
        pendingMode: false
      } {
        id: 18,
        name: 'Grocery shopping',
        description: 'Time to refill the pantry and the fridge.',
        status: false,
        image: 'grocery-shopping.jpg',
        steps: [ 'Drive to grocery', 'Grab a cart', 'Hunt and gather', 'Pay' ],
        difficulty: 3,
        numUsers: 0,
        time: '16:30',
        pendingMode: false
      } {
        id: 19,
        name: 'Water plants',
        description: 'The pothos is looking pretty droopy, give it some love.',
        status: false,
        image: 'water-plants.png',
        steps: [ 'Fill watering can', 'Water pothos', 'Water hydrangea' ],
        difficulty: 1,
        numUsers: 0,
        time: '08:30',
        pendingMode: false
      } {
        id: 20,
        name: 'Wash dishes',
        description: "Don't be that roomate, it's time to wash the dishes.",
        status: false,
        image: 'wash-dishes.png',
        steps: [ 'Notice the stentch', 'See the pile', 'Get scrubbing!' ],
        difficulty: 2,
        numUsers: 0,
        time: '09:30',
        pendingMode: false
      } {
        id: 21,
        name: 'Laundry',
        description: 'Refresh your closet, wash that dirty laundry!',
        status: false,
        image: 'laundry.png',
        steps: [ 'Load washer', 'Load dryer', 'Fold', 'Put away' ],
        difficulty: 3,
        numUsers: 0,
        time: '11:15',
        pendingMode: false
      } {
        id: 22,
        name: 'Take out trash',
        description: 'There are flies gathering, take the trash out to the curb',
        status: false,
        image: 'trash.jpg',
        steps: [ 'Close trash bag', 'Carry to the curb' ],
        difficulty: 1,
        numUsers: 0,
        time: '12:30',
        pendingMode: false
      } {
        id: 23,
        name: 'Meditate',
        description: 'relax',
        status: false,
        image: 'meditate.jpg',
        steps: [
          'Calm your mind',
          'Release your worries',
          'Become one with the universe'
        ],
        difficulty: 3,
        numUsers: 0,
        time: '11:30',
        pendingMode: false
      } {
        id: 24,
        name: 'Manifest',
        description: 'what you want in life',
        status: false,
        image: 'manifest.png',
        steps: [ 'Plan', 'Motivate', 'Acheive' ],
        difficulty: 3,
        numUsers: 0,
        time: '06:30',
        pendingMode: false
      } {
        id: 25,
        name: 'Workout',
        description: 'pump some iron',
        status: false,
        image: 'workout.jpg',
        steps: [ 'Jog', 'Lift', 'Bench', 'Enjoy protien shake' ],
        difficulty: 3,
        numUsers: 0,
        time: '06:45',
        pendingMode: false
      } {
        id: 26,
        name: 'Watch movie',
        description: 'Make some popcorn and put your feet up.',
        status: false,
        image: 'movie.png',
        steps: [ 'Pop popcorn', 'Put 3D in', 'Watch with anticipation' ],
        difficulty: 1,
        numUsers: 0,
        time: '10:45',
        pendingMode: false
      } {
        id: 27,
        name: 'Go for a run',
        description: 'Test you limits and run 100 miles!',
        status: false,
        image: 'run.png',
        steps: [
          'Put on favorite athleisure',
          '5 miles',
          "Act like you enjoy running (you don't)"
        ],
        difficulty: 69,
        numUsers: 0,
        time: '14:45',
        pendingMode: false
      } {
        id: 28,
        name: 'M2O challenge',
        description: 'Get your picture up on that wall! Do the m2o burger challenge.',
        status: false,
        image: 'm20.png',
        steps: [
          'Enter for the challenge',
          '15 minutes of pain',
          'You did it!',
          'Get your T-shirt'
        ],
        difficulty: 23,
        numUsers: 0,
        time: '07:00',
        pendingMode: false
      } {
        id: 29,
        name: 'Nap',
        description: 'Take a rest, you deserve it.',
        status: false,
        image: 'nap.jpg',
        steps: [ 'So sleepy', 'Set alarm for 30 minutes', 'Wake up 3 hours later' ],
        difficulty: 23,
        numUsers: 0,
        time: '06:45',
        pendingMode: false
      } {
        id: 30,
        name: 'Soccer practice',
        description: "Don't be late! Time to practice before the big game.",
        status: false,
        image: 'soccer.jpg',
        steps: [ 'Grab gear', '2 hours of pain', 'Shower' ],
        difficulty: 23,
        numUsers: 0,
        time: '06:30',
        pendingMode: false
      }

      at CentralItemList (src/list-components/CentralItemList.tsx:125:26)

    console.error
      Warning: validateDOMNesting(...): <div> cannot appear as a descendant of <p>.
          at div
          at /home/runner/work/team18/team18/node_modules/react-bootstrap/cjs/FormCheck.js:31:3
          at div
          at EditStatus (/home/runner/work/team18/team18/src/editing-components/EditStatus.tsx:22:56)
          at CallEditStatus
          at p
          at div
          at div
          at DisplayTask (/home/runner/work/team18/team18/src/list-components/DisplayTask.tsx:19:43)
          at div
          at div
          at CentralItemList (/home/runner/work/team18/team18/src/list-components/CentralItemList.tsx:20:35)
          at DndProvider (/home/runner/work/team18/team18/node_modules/react-dnd/src/core/DndProvider.tsx:28:25)

      at printWarning (node_modules/react-dom/cjs/react-dom.development.js:86:30)
      at error (node_modules/react-dom/cjs/react-dom.development.js:60:7)
      at validateDOMNesting (node_modules/react-dom/cjs/react-dom.development.js:10849:7)
      at createInstance (node_modules/react-dom/cjs/react-dom.development.js:10930:5)
      at completeWork (node_modules/react-dom/cjs/react-dom.development.js:22187:28)
      at completeUnitOfWork (node_modules/react-dom/cjs/react-dom.development.js:26593:16)
      at performUnitOfWork (node_modules/react-dom/cjs/react-dom.development.js:26568:5)
      at workLoopSync (node_modules/react-dom/cjs/react-dom.development.js:26466:5)

    console.error
      Warning: validateDOMNesting(...): <ol> cannot appear as a descendant of <p>.
          at ol
          at p
          at div
          at div
          at DisplayTask (/home/runner/work/team18/team18/src/list-components/DisplayTask.tsx:19:43)
          at div
          at div
          at CentralItemList (/home/runner/work/team18/team18/src/list-components/CentralItemList.tsx:20:35)
          at DndProvider (/home/runner/work/team18/team18/node_modules/react-dnd/src/core/DndProvider.tsx:28:25)

      at printWarning (node_modules/react-dom/cjs/react-dom.development.js:86:30)
      at error (node_modules/react-dom/cjs/react-dom.development.js:60:7)
      at validateDOMNesting (node_modules/react-dom/cjs/react-dom.development.js:10849:7)
      at createInstance (node_modules/react-dom/cjs/react-dom.development.js:10930:5)
      at completeWork (node_modules/react-dom/cjs/react-dom.development.js:22187:28)
      at completeUnitOfWork (node_modules/react-dom/cjs/react-dom.development.js:26593:16)
      at performUnitOfWork (node_modules/react-dom/cjs/react-dom.development.js:26568:5)
      at workLoopSync (node_modules/react-dom/cjs/react-dom.development.js:26466:5)

    console.error
      Warning: ReactDOM.render is no longer supported in React 18. Use createRoot instead. Until you switch to the new API, your app will behave as if it's running React 17. Learn more: https://reactjs.org/link/switch-to-createroot

       7 | export const renderWithDnd = (ui: {} | null | undefined) => {
       8 |     // eslint-disable-next-line react/prop-types
    >  9 |     return render(<DndProvider backend={HTML5Backend}>{ui}</DndProvider>);
         |            ^
      10 | };
      11 |

      at printWarning (node_modules/react-dom/cjs/react-dom.development.js:86:30)
      at error (node_modules/react-dom/cjs/react-dom.development.js:60:7)
      at Object.render (node_modules/react-dom/cjs/react-dom.development.js:29670:5)
      at node_modules/@testing-library/react/dist/pure.js:101:25
      at act (node_modules/react/cjs/react.development.js:2512:16)
      at render (node_modules/@testing-library/react/dist/pure.js:97:26)
      at renderWithDnd (src/CustomRender.tsx:9:12)
      at Object.<anonymous> (src/App.test.tsx:70:9)

    console.error
      Warning: ReactDOM.render is no longer supported in React 18. Use createRoot instead. Until you switch to the new API, your app will behave as if it's running React 17. Learn more: https://reactjs.org/link/switch-to-createroot

       7 | export const renderWithDnd = (ui: {} | null | undefined) => {
       8 |     // eslint-disable-next-line react/prop-types
    >  9 |     return render(<DndProvider backend={HTML5Backend}>{ui}</DndProvider>);
         |            ^
      10 | };
      11 |

      at printWarning (node_modules/react-dom/cjs/react-dom.development.js:86:30)
      at error (node_modules/react-dom/cjs/react-dom.development.js:60:7)
      at Object.render (node_modules/react-dom/cjs/react-dom.development.js:29670:5)
      at node_modules/@testing-library/react/dist/pure.js:101:25
      at act (node_modules/react/cjs/react.development.js:2512:16)
      at render (node_modules/@testing-library/react/dist/pure.js:97:26)
      at renderWithDnd (src/CustomRender.tsx:9:12)
      at Object.<anonymous> (src/App.test.tsx:70:9)

    console.error
      Warning: ReactDOM.render is no longer supported in React 18. Use createRoot instead. Until you switch to the new API, your app will behave as if it's running React 17. Learn more: https://reactjs.org/link/switch-to-createroot

       7 | export const renderWithDnd = (ui: {} | null | undefined) => {
       8 |     // eslint-disable-next-line react/prop-types
    >  9 |     return render(<DndProvider backend={HTML5Backend}>{ui}</DndProvider>);
         |            ^
      10 | };
      11 |

      at printWarning (node_modules/react-dom/cjs/react-dom.development.js:86:30)
      at error (node_modules/react-dom/cjs/react-dom.development.js:60:7)
      at Object.render (node_modules/react-dom/cjs/react-dom.development.js:29670:5)
      at node_modules/@testing-library/react/dist/pure.js:101:25
      at act (node_modules/react/cjs/react.development.js:2512:16)
      at render (node_modules/@testing-library/react/dist/pure.js:97:26)
      at renderWithDnd (src/CustomRender.tsx:9:12)
      at Object.<anonymous> (src/App.test.tsx:86:31)

    console.error
      Warning: ReactDOM.render is no longer supported in React 18. Use createRoot instead. Until you switch to the new API, your app will behave as if it's running React 17. Learn more: https://reactjs.org/link/switch-to-createroot

       7 | export const renderWithDnd = (ui: {} | null | undefined) => {
       8 |     // eslint-disable-next-line react/prop-types
    >  9 |     return render(<DndProvider backend={HTML5Backend}>{ui}</DndProvider>);
         |            ^
      10 | };
      11 |

      at printWarning (node_modules/react-dom/cjs/react-dom.development.js:86:30)
      at error (node_modules/react-dom/cjs/react-dom.development.js:60:7)
      at Object.render (node_modules/react-dom/cjs/react-dom.development.js:29670:5)
      at node_modules/@testing-library/react/dist/pure.js:101:25
      at act (node_modules/react/cjs/react.development.js:2512:16)
      at render (node_modules/@testing-library/react/dist/pure.js:97:26)
      at renderWithDnd (src/CustomRender.tsx:9:12)
      at Object.<anonymous> (src/App.test.tsx:70:9)

    console.error
      Warning: ReactDOM.render is no longer supported in React 18. Use createRoot instead. Until you switch to the new API, your app will behave as if it's running React 17. Learn more: https://reactjs.org/link/switch-to-createroot

       7 | export const renderWithDnd = (ui: {} | null | undefined) => {
       8 |     // eslint-disable-next-line react/prop-types
    >  9 |     return render(<DndProvider backend={HTML5Backend}>{ui}</DndProvider>);
         |            ^
      10 | };
      11 |

      at printWarning (node_modules/react-dom/cjs/react-dom.development.js:86:30)
      at error (node_modules/react-dom/cjs/react-dom.development.js:60:7)
      at Object.render (node_modules/react-dom/cjs/react-dom.development.js:29670:5)
      at node_modules/@testing-library/react/dist/pure.js:101:25
      at act (node_modules/react/cjs/react.development.js:2512:16)
      at render (node_modules/@testing-library/react/dist/pure.js:97:26)
      at renderWithDnd (src/CustomRender.tsx:9:12)
      at Object.<anonymous> (src/App.test.tsx:99:31)

    console.error
      Warning: ReactDOM.render is no longer supported in React 18. Use createRoot instead. Until you switch to the new API, your app will behave as if it's running React 17. Learn more: https://reactjs.org/link/switch-to-createroot

       7 | export const renderWithDnd = (ui: {} | null | undefined) => {
       8 |     // eslint-disable-next-line react/prop-types
    >  9 |     return render(<DndProvider backend={HTML5Backend}>{ui}</DndProvider>);
         |            ^
      10 | };
      11 |

      at printWarning (node_modules/react-dom/cjs/react-dom.development.js:86:30)
      at error (node_modules/react-dom/cjs/react-dom.development.js:60:7)
      at Object.render (node_modules/react-dom/cjs/react-dom.development.js:29670:5)
      at node_modules/@testing-library/react/dist/pure.js:101:25
      at act (node_modules/react/cjs/react.development.js:2512:16)
      at render (node_modules/@testing-library/react/dist/pure.js:97:26)
      at renderWithDnd (src/CustomRender.tsx:9:12)
      at Object.<anonymous> (src/App.test.tsx:115:9)

    console.error
      Warning: ReactDOM.render is no longer supported in React 18. Use createRoot instead. Until you switch to the new API, your app will behave as if it's running React 17. Learn more: https://reactjs.org/link/switch-to-createroot

       7 | export const renderWithDnd = (ui: {} | null | undefined) => {
       8 |     // eslint-disable-next-line react/prop-types
    >  9 |     return render(<DndProvider backend={HTML5Backend}>{ui}</DndProvider>);
         |            ^
      10 | };
      11 |

      at printWarning (node_modules/react-dom/cjs/react-dom.development.js:86:30)
      at error (node_modules/react-dom/cjs/react-dom.development.js:60:7)
      at Object.render (node_modules/react-dom/cjs/react-dom.development.js:29670:5)
      at node_modules/@testing-library/react/dist/pure.js:101:25
      at act (node_modules/react/cjs/react.development.js:2512:16)
      at render (node_modules/@testing-library/react/dist/pure.js:97:26)
      at renderWithDnd (src/CustomRender.tsx:9:12)
      at Object.<anonymous> (src/App.test.tsx:115:9)

    console.error
      Warning: ReactDOM.render is no longer supported in React 18. Use createRoot instead. Until you switch to the new API, your app will behave as if it's running React 17. Learn more: https://reactjs.org/link/switch-to-createroot

       7 | export const renderWithDnd = (ui: {} | null | undefined) => {
       8 |     // eslint-disable-next-line react/prop-types
    >  9 |     return render(<DndProvider backend={HTML5Backend}>{ui}</DndProvider>);
         |            ^
      10 | };
      11 |

      at printWarning (node_modules/react-dom/cjs/react-dom.development.js:86:30)
      at error (node_modules/react-dom/cjs/react-dom.development.js:60:7)
      at Object.render (node_modules/react-dom/cjs/react-dom.development.js:29670:5)
      at node_modules/@testing-library/react/dist/pure.js:101:25
      at act (node_modules/react/cjs/react.development.js:2512:16)
      at render (node_modules/@testing-library/react/dist/pure.js:97:26)
      at renderWithDnd (src/CustomRender.tsx:9:12)
      at Object.<anonymous> (src/App.test.tsx:130:31)

    console.error
      Warning: ReactDOM.render is no longer supported in React 18. Use createRoot instead. Until you switch to the new API, your app will behave as if it's running React 17. Learn more: https://reactjs.org/link/switch-to-createroot

       7 | export const renderWithDnd = (ui: {} | null | undefined) => {
       8 |     // eslint-disable-next-line react/prop-types
    >  9 |     return render(<DndProvider backend={HTML5Backend}>{ui}</DndProvider>);
         |            ^
      10 | };
      11 |

      at printWarning (node_modules/react-dom/cjs/react-dom.development.js:86:30)
      at error (node_modules/react-dom/cjs/react-dom.development.js:60:7)
      at Object.render (node_modules/react-dom/cjs/react-dom.development.js:29670:5)
      at node_modules/@testing-library/react/dist/pure.js:101:25
      at act (node_modules/react/cjs/react.development.js:2512:16)
      at render (node_modules/@testing-library/react/dist/pure.js:97:26)
      at renderWithDnd (src/CustomRender.tsx:9:12)
      at Object.<anonymous> (src/App.test.tsx:144:9)

    console.error
      Warning: ReactDOM.render is no longer supported in React 18. Use createRoot instead. Until you switch to the new API, your app will behave as if it's running React 17. Learn more: https://reactjs.org/link/switch-to-createroot

      163 | describe("Add tasks tests", () => {
      164 |     beforeEach(() =>
    > 165 |         render(
          |         ^
      166 |             <AddTask
      167 |                 tasks={TASKS}
      168 |                 setTasks={

      at printWarning (node_modules/react-dom/cjs/react-dom.development.js:86:30)
      at error (node_modules/react-dom/cjs/react-dom.development.js:60:7)
      at Object.render (node_modules/react-dom/cjs/react-dom.development.js:29670:5)
      at node_modules/@testing-library/react/dist/pure.js:101:25
      at act (node_modules/react/cjs/react.development.js:2512:16)
      at render (node_modules/@testing-library/react/dist/pure.js:97:26)
      at Object.<anonymous> (src/App.test.tsx:165:9)

    console.error
      Warning: ReactDOM.render is no longer supported in React 18. Use createRoot instead. Until you switch to the new API, your app will behave as if it's running React 17. Learn more: https://reactjs.org/link/switch-to-createroot

      182 | describe("Testing EditTask", () => {
      183 |     beforeEach(() => {
    > 184 |         render(
          |         ^
      185 |             <EditTask tasks={TASKS} updateTasks={setTasks} task={testTask} />
      186 |         );
      187 |     });

      at printWarning (node_modules/react-dom/cjs/react-dom.development.js:86:30)
      at error (node_modules/react-dom/cjs/react-dom.development.js:60:7)
      at Object.render (node_modules/react-dom/cjs/react-dom.development.js:29670:5)
      at node_modules/@testing-library/react/dist/pure.js:101:25
      at act (node_modules/react/cjs/react.development.js:2512:16)
      at render (node_modules/@testing-library/react/dist/pure.js:97:26)
      at Object.<anonymous> (src/App.test.tsx:184:9)

FAIL src/dist/App.test.js
  ● Test suite failed to run

    Cannot find module './list-components/CentralItemList' from 'src/dist/App.test.js'

       5 | var react_2 = require("@testing-library/react");
       6 | var TASKS_1 = require("./TASKS");
    >  7 | var CentralItemList_1 = require("./list-components/CentralItemList");
         |                         ^
       8 | var UserList_1 = require("./list-components/UserList");
       9 | var adminlist_1 = require("./list-components/adminlist");
      10 | var deleteTask_component_1 = require("./list-components/deleteTask-component");

      at Resolver.resolveModule (node_modules/jest-resolve/build/resolver.js:324:11)
      at Object.<anonymous> (src/dist/App.test.js:7:25)

PASS src/list-components/UserList.test.tsx
  ● Console

    console.error
      Warning: ReactDOM.render is no longer supported in React 18. Use createRoot instead. Until you switch to the new API, your app will behave as if it's running React 17. Learn more: https://reactjs.org/link/switch-to-createroot

       7 | export const renderWithDnd = (ui: {} | null | undefined) => {
       8 |     // eslint-disable-next-line react/prop-types
    >  9 |     return render(<DndProvider backend={HTML5Backend}>{ui}</DndProvider>);
         |            ^
      10 | };
      11 |

      at printWarning (node_modules/react-dom/cjs/react-dom.development.js:86:30)
      at error (node_modules/react-dom/cjs/react-dom.development.js:60:7)
      at Object.render (node_modules/react-dom/cjs/react-dom.development.js:29670:5)
      at node_modules/@testing-library/react/dist/pure.js:101:25
      at act (node_modules/react/cjs/react.development.js:2512:16)
      at render (node_modules/@testing-library/react/dist/pure.js:97:26)
      at renderWithDnd (src/CustomRender.tsx:9:12)
      at Object.<anonymous> (src/list-components/UserList.test.tsx:70:9)

    console.error
      Warning: validateDOMNesting(...): <div> cannot appear as a descendant of <p>.
          at div
          at /home/runner/work/team18/team18/node_modules/react-bootstrap/cjs/FormCheck.js:31:3
          at div
          at EditStatus (/home/runner/work/team18/team18/src/editing-components/EditStatus.tsx:22:56)
          at CallEditStatus
          at p
          at div
          at div
          at DisplayTask (/home/runner/work/team18/team18/src/list-components/DisplayTask.tsx:19:43)
          at div
          at div
          at UserList (/home/runner/work/team18/team18/src/list-components/UserList.tsx:27:5)
          at DndProvider (/home/runner/work/team18/team18/node_modules/react-dnd/src/core/DndProvider.tsx:28:25)

      at printWarning (node_modules/react-dom/cjs/react-dom.development.js:86:30)
      at error (node_modules/react-dom/cjs/react-dom.development.js:60:7)
      at validateDOMNesting (node_modules/react-dom/cjs/react-dom.development.js:10849:7)
      at createInstance (node_modules/react-dom/cjs/react-dom.development.js:10930:5)
      at completeWork (node_modules/react-dom/cjs/react-dom.development.js:22187:28)
      at completeUnitOfWork (node_modules/react-dom/cjs/react-dom.development.js:26593:16)
      at performUnitOfWork (node_modules/react-dom/cjs/react-dom.development.js:26568:5)
      at workLoopSync (node_modules/react-dom/cjs/react-dom.development.js:26466:5)

    console.error
      Warning: validateDOMNesting(...): <ol> cannot appear as a descendant of <p>.
          at ol
          at p
          at div
          at div
          at DisplayTask (/home/runner/work/team18/team18/src/list-components/DisplayTask.tsx:19:43)
          at div
          at div
          at UserList (/home/runner/work/team18/team18/src/list-components/UserList.tsx:27:5)
          at DndProvider (/home/runner/work/team18/team18/node_modules/react-dnd/src/core/DndProvider.tsx:28:25)

      at printWarning (node_modules/react-dom/cjs/react-dom.development.js:86:30)
      at error (node_modules/react-dom/cjs/react-dom.development.js:60:7)
      at validateDOMNesting (node_modules/react-dom/cjs/react-dom.development.js:10849:7)
      at createInstance (node_modules/react-dom/cjs/react-dom.development.js:10930:5)
      at completeWork (node_modules/react-dom/cjs/react-dom.development.js:22187:28)
      at completeUnitOfWork (node_modules/react-dom/cjs/react-dom.development.js:26593:16)
      at performUnitOfWork (node_modules/react-dom/cjs/react-dom.development.js:26568:5)
      at workLoopSync (node_modules/react-dom/cjs/react-dom.development.js:26466:5)

    console.error
      Warning: ReactDOM.render is no longer supported in React 18. Use createRoot instead. Until you switch to the new API, your app will behave as if it's running React 17. Learn more: https://reactjs.org/link/switch-to-createroot

       7 | export const renderWithDnd = (ui: {} | null | undefined) => {
       8 |     // eslint-disable-next-line react/prop-types
    >  9 |     return render(<DndProvider backend={HTML5Backend}>{ui}</DndProvider>);
         |            ^
      10 | };
      11 |

      at printWarning (node_modules/react-dom/cjs/react-dom.development.js:86:30)
      at error (node_modules/react-dom/cjs/react-dom.development.js:60:7)
      at Object.render (node_modules/react-dom/cjs/react-dom.development.js:29670:5)
      at node_modules/@testing-library/react/dist/pure.js:101:25
      at act (node_modules/react/cjs/react.development.js:2512:16)
      at render (node_modules/@testing-library/react/dist/pure.js:97:26)
      at renderWithDnd (src/CustomRender.tsx:9:12)
      at Object.<anonymous> (src/list-components/UserList.test.tsx:70:9)

    console.error
      Warning: ReactDOM.render is no longer supported in React 18. Use createRoot instead. Until you switch to the new API, your app will behave as if it's running React 17. Learn more: https://reactjs.org/link/switch-to-createroot

       7 | export const renderWithDnd = (ui: {} | null | undefined) => {
       8 |     // eslint-disable-next-line react/prop-types
    >  9 |     return render(<DndProvider backend={HTML5Backend}>{ui}</DndProvider>);
         |            ^
      10 | };
      11 |

      at printWarning (node_modules/react-dom/cjs/react-dom.development.js:86:30)
      at error (node_modules/react-dom/cjs/react-dom.development.js:60:7)
      at Object.render (node_modules/react-dom/cjs/react-dom.development.js:29670:5)
      at node_modules/@testing-library/react/dist/pure.js:101:25
      at act (node_modules/react/cjs/react.development.js:2512:16)
      at render (node_modules/@testing-library/react/dist/pure.js:97:26)
      at renderWithDnd (src/CustomRender.tsx:9:12)
      at Object.<anonymous> (src/list-components/UserList.test.tsx:70:9)

    console.error
      Warning: ReactDOM.render is no longer supported in React 18. Use createRoot instead. Until you switch to the new API, your app will behave as if it's running React 17. Learn more: https://reactjs.org/link/switch-to-createroot

       7 | export const renderWithDnd = (ui: {} | null | undefined) => {
       8 |     // eslint-disable-next-line react/prop-types
    >  9 |     return render(<DndProvider backend={HTML5Backend}>{ui}</DndProvider>);
         |            ^
      10 | };
      11 |

      at printWarning (node_modules/react-dom/cjs/react-dom.development.js:86:30)
      at error (node_modules/react-dom/cjs/react-dom.development.js:60:7)
      at Object.render (node_modules/react-dom/cjs/react-dom.development.js:29670:5)
      at node_modules/@testing-library/react/dist/pure.js:101:25
      at act (node_modules/react/cjs/react.development.js:2512:16)
      at render (node_modules/@testing-library/react/dist/pure.js:97:26)
      at renderWithDnd (src/CustomRender.tsx:9:12)
      at Object.<anonymous> (src/list-components/UserList.test.tsx:70:9)

    console.error
      Warning: ReactDOM.render is no longer supported in React 18. Use createRoot instead. Until you switch to the new API, your app will behave as if it's running React 17. Learn more: https://reactjs.org/link/switch-to-createroot

       7 | export const renderWithDnd = (ui: {} | null | undefined) => {
       8 |     // eslint-disable-next-line react/prop-types
    >  9 |     return render(<DndProvider backend={HTML5Backend}>{ui}</DndProvider>);
         |            ^
      10 | };
      11 |

      at printWarning (node_modules/react-dom/cjs/react-dom.development.js:86:30)
      at error (node_modules/react-dom/cjs/react-dom.development.js:60:7)
      at Object.render (node_modules/react-dom/cjs/react-dom.development.js:29670:5)
      at node_modules/@testing-library/react/dist/pure.js:101:25
      at act (node_modules/react/cjs/react.development.js:2512:16)
      at render (node_modules/@testing-library/react/dist/pure.js:97:26)
      at renderWithDnd (src/CustomRender.tsx:9:12)
      at Object.<anonymous> (src/list-components/UserList.test.tsx:70:9)

    console.error
      Warning: ReactDOM.render is no longer supported in React 18. Use createRoot instead. Until you switch to the new API, your app will behave as if it's running React 17. Learn more: https://reactjs.org/link/switch-to-createroot

       7 | export const renderWithDnd = (ui: {} | null | undefined) => {
       8 |     // eslint-disable-next-line react/prop-types
    >  9 |     return render(<DndProvider backend={HTML5Backend}>{ui}</DndProvider>);
         |            ^
      10 | };
      11 |

      at printWarning (node_modules/react-dom/cjs/react-dom.development.js:86:30)
      at error (node_modules/react-dom/cjs/react-dom.development.js:60:7)
      at Object.render (node_modules/react-dom/cjs/react-dom.development.js:29670:5)
      at node_modules/@testing-library/react/dist/pure.js:101:25
      at act (node_modules/react/cjs/react.development.js:2512:16)
      at render (node_modules/@testing-library/react/dist/pure.js:97:26)
      at renderWithDnd (src/CustomRender.tsx:9:12)
      at Object.<anonymous> (src/list-components/UserList.test.tsx:70:9)

    console.error
      Warning: ReactDOM.render is no longer supported in React 18. Use createRoot instead. Until you switch to the new API, your app will behave as if it's running React 17. Learn more: https://reactjs.org/link/switch-to-createroot

       7 | export const renderWithDnd = (ui: {} | null | undefined) => {
       8 |     // eslint-disable-next-line react/prop-types
    >  9 |     return render(<DndProvider backend={HTML5Backend}>{ui}</DndProvider>);
         |            ^
      10 | };
      11 |

      at printWarning (node_modules/react-dom/cjs/react-dom.development.js:86:30)
      at error (node_modules/react-dom/cjs/react-dom.development.js:60:7)
      at Object.render (node_modules/react-dom/cjs/react-dom.development.js:29670:5)
      at node_modules/@testing-library/react/dist/pure.js:101:25
      at act (node_modules/react/cjs/react.development.js:2512:16)
      at render (node_modules/@testing-library/react/dist/pure.js:97:26)
      at renderWithDnd (src/CustomRender.tsx:9:12)
      at Object.<anonymous> (src/list-components/UserList.test.tsx:70:9)

    console.error
      Warning: ReactDOM.render is no longer supported in React 18. Use createRoot instead. Until you switch to the new API, your app will behave as if it's running React 17. Learn more: https://reactjs.org/link/switch-to-createroot

       7 | export const renderWithDnd = (ui: {} | null | undefined) => {
       8 |     // eslint-disable-next-line react/prop-types
    >  9 |     return render(<DndProvider backend={HTML5Backend}>{ui}</DndProvider>);
         |            ^
      10 | };
      11 |

      at printWarning (node_modules/react-dom/cjs/react-dom.development.js:86:30)
      at error (node_modules/react-dom/cjs/react-dom.development.js:60:7)
      at Object.render (node_modules/react-dom/cjs/react-dom.development.js:29670:5)
      at node_modules/@testing-library/react/dist/pure.js:101:25
      at act (node_modules/react/cjs/react.development.js:2512:16)
      at render (node_modules/@testing-library/react/dist/pure.js:97:26)
      at renderWithDnd (src/CustomRender.tsx:9:12)
      at Object.<anonymous> (src/list-components/UserList.test.tsx:126:31)

    console.error
      Warning: ReactDOM.render is no longer supported in React 18. Use createRoot instead. Until you switch to the new API, your app will behave as if it's running React 17. Learn more: https://reactjs.org/link/switch-to-createroot

       7 | export const renderWithDnd = (ui: {} | null | undefined) => {
       8 |     // eslint-disable-next-line react/prop-types
    >  9 |     return render(<DndProvider backend={HTML5Backend}>{ui}</DndProvider>);
         |            ^
      10 | };
      11 |

      at printWarning (node_modules/react-dom/cjs/react-dom.development.js:86:30)
      at error (node_modules/react-dom/cjs/react-dom.development.js:60:7)
      at Object.render (node_modules/react-dom/cjs/react-dom.development.js:29670:5)
      at node_modules/@testing-library/react/dist/pure.js:101:25
      at act (node_modules/react/cjs/react.development.js:2512:16)
      at render (node_modules/@testing-library/react/dist/pure.js:97:26)
      at renderWithDnd (src/CustomRender.tsx:9:12)
      at Object.<anonymous> (src/list-components/UserList.test.tsx:142:31)

PASS src/list-components/deleteTask.test.tsx
  ● Console

    console.error
      Warning: ReactDOM.render is no longer supported in React 18. Use createRoot instead. Until you switch to the new API, your app will behave as if it's running React 17. Learn more: https://reactjs.org/link/switch-to-createroot

      58 | describe("Delete task tests", () => {
      59 |     beforeEach(() =>
    > 60 |         render(
         |         ^
      61 |             <DeleteTask
      62 |                 setRoles={function setUsers(newUsers: User[]) {
      63 |                     newUsers;

      at printWarning (node_modules/react-dom/cjs/react-dom.development.js:86:30)
      at error (node_modules/react-dom/cjs/react-dom.development.js:60:7)
      at Object.render (node_modules/react-dom/cjs/react-dom.development.js:29670:5)
      at node_modules/@testing-library/react/dist/pure.js:101:25
      at act (node_modules/react/cjs/react.development.js:2512:16)
      at render (node_modules/@testing-library/react/dist/pure.js:97:26)
      at Object.<anonymous> (src/list-components/deleteTask.test.tsx:60:9)

    console.error
      Warning: ReactDOM.render is no longer supported in React 18. Use createRoot instead. Until you switch to the new API, your app will behave as if it's running React 17. Learn more: https://reactjs.org/link/switch-to-createroot

      58 | describe("Delete task tests", () => {
      59 |     beforeEach(() =>
    > 60 |         render(
         |         ^
      61 |             <DeleteTask
      62 |                 setRoles={function setUsers(newUsers: User[]) {
      63 |                     newUsers;

      at printWarning (node_modules/react-dom/cjs/react-dom.development.js:86:30)
      at error (node_modules/react-dom/cjs/react-dom.development.js:60:7)
      at Object.render (node_modules/react-dom/cjs/react-dom.development.js:29670:5)
      at node_modules/@testing-library/react/dist/pure.js:101:25
      at act (node_modules/react/cjs/react.development.js:2512:16)
      at render (node_modules/@testing-library/react/dist/pure.js:97:26)
      at Object.<anonymous> (src/list-components/deleteTask.test.tsx:60:9)

    console.error
      Warning: ReactDOM.render is no longer supported in React 18. Use createRoot instead. Until you switch to the new API, your app will behave as if it's running React 17. Learn more: https://reactjs.org/link/switch-to-createroot

      58 | describe("Delete task tests", () => {
      59 |     beforeEach(() =>
    > 60 |         render(
         |         ^
      61 |             <DeleteTask
      62 |                 setRoles={function setUsers(newUsers: User[]) {
      63 |                     newUsers;

      at printWarning (node_modules/react-dom/cjs/react-dom.development.js:86:30)
      at error (node_modules/react-dom/cjs/react-dom.development.js:60:7)
      at Object.render (node_modules/react-dom/cjs/react-dom.development.js:29670:5)
      at node_modules/@testing-library/react/dist/pure.js:101:25
      at act (node_modules/react/cjs/react.development.js:2512:16)
      at render (node_modules/@testing-library/react/dist/pure.js:97:26)
      at Object.<anonymous> (src/list-components/deleteTask.test.tsx:60:9)

    console.error
      Warning: ReactDOM.render is no longer supported in React 18. Use createRoot instead. Until you switch to the new API, your app will behave as if it's running React 17. Learn more: https://reactjs.org/link/switch-to-createroot

      58 | describe("Delete task tests", () => {
      59 |     beforeEach(() =>
    > 60 |         render(
         |         ^
      61 |             <DeleteTask
      62 |                 setRoles={function setUsers(newUsers: User[]) {
      63 |                     newUsers;

      at printWarning (node_modules/react-dom/cjs/react-dom.development.js:86:30)
      at error (node_modules/react-dom/cjs/react-dom.development.js:60:7)
      at Object.render (node_modules/react-dom/cjs/react-dom.development.js:29670:5)
      at node_modules/@testing-library/react/dist/pure.js:101:25
      at act (node_modules/react/cjs/react.development.js:2512:16)
      at render (node_modules/@testing-library/react/dist/pure.js:97:26)
      at Object.<anonymous> (src/list-components/deleteTask.test.tsx:60:9)

    console.error
      Warning: ReactDOM.render is no longer supported in React 18. Use createRoot instead. Until you switch to the new API, your app will behave as if it's running React 17. Learn more: https://reactjs.org/link/switch-to-createroot

      58 | describe("Delete task tests", () => {
      59 |     beforeEach(() =>
    > 60 |         render(
         |         ^
      61 |             <DeleteTask
      62 |                 setRoles={function setUsers(newUsers: User[]) {
      63 |                     newUsers;

      at printWarning (node_modules/react-dom/cjs/react-dom.development.js:86:30)
      at error (node_modules/react-dom/cjs/react-dom.development.js:60:7)
      at Object.render (node_modules/react-dom/cjs/react-dom.development.js:29670:5)
      at node_modules/@testing-library/react/dist/pure.js:101:25
      at act (node_modules/react/cjs/react.development.js:2512:16)
      at render (node_modules/@testing-library/react/dist/pure.js:97:26)
      at Object.<anonymous> (src/list-components/deleteTask.test.tsx:60:9)

    console.error
      Warning: ReactDOM.render is no longer supported in React 18. Use createRoot instead. Until you switch to the new API, your app will behave as if it's running React 17. Learn more: https://reactjs.org/link/switch-to-createroot

       98 |         const tasks = [TASK1, TASK2, TASK3];
       99 |         const setTasks = jest.fn();
    > 100 |         render(
          |         ^
      101 |             <DeleteTask
      102 |                 user={users[0]}
      103 |                 setUser={setUser}

      at printWarning (node_modules/react-dom/cjs/react-dom.development.js:86:30)
      at error (node_modules/react-dom/cjs/react-dom.development.js:60:7)
      at Object.render (node_modules/react-dom/cjs/react-dom.development.js:29670:5)
      at node_modules/@testing-library/react/dist/pure.js:101:25
      at act (node_modules/react/cjs/react.development.js:2512:16)
      at render (node_modules/@testing-library/react/dist/pure.js:97:26)
      at Object.<anonymous> (src/list-components/deleteTask.test.tsx:100:9)

PASS src/list-components/DisplayTask.test.tsx
  ● Console

    console.error
      Warning: ReactDOM.render is no longer supported in React 18. Use createRoot instead. Until you switch to the new API, your app will behave as if it's running React 17. Learn more: https://reactjs.org/link/switch-to-createroot

       7 | export const renderWithDnd = (ui: {} | null | undefined) => {
       8 |     // eslint-disable-next-line react/prop-types
    >  9 |     return render(<DndProvider backend={HTML5Backend}>{ui}</DndProvider>);
         |            ^
      10 | };
      11 |

      at printWarning (node_modules/react-dom/cjs/react-dom.development.js:86:30)
      at error (node_modules/react-dom/cjs/react-dom.development.js:60:7)
      at Object.render (node_modules/react-dom/cjs/react-dom.development.js:29670:5)
      at node_modules/@testing-library/react/dist/pure.js:101:25
      at act (node_modules/react/cjs/react.development.js:2512:16)
      at render (node_modules/@testing-library/react/dist/pure.js:97:26)
      at renderWithDnd (src/CustomRender.tsx:9:12)
      at Object.<anonymous> (src/list-components/DisplayTask.test.tsx:72:9)

    console.error
      Warning: validateDOMNesting(...): <div> cannot appear as a descendant of <p>.
          at div
          at /home/runner/work/team18/team18/node_modules/react-bootstrap/cjs/FormCheck.js:31:3
          at div
          at EditStatus (/home/runner/work/team18/team18/src/editing-components/EditStatus.tsx:22:56)
          at CallEditStatus
          at p
          at div
          at div
          at DisplayTask (/home/runner/work/team18/team18/src/list-components/DisplayTask.tsx:19:43)
          at DndProvider (/home/runner/work/team18/team18/node_modules/react-dnd/src/core/DndProvider.tsx:28:25)

      at printWarning (node_modules/react-dom/cjs/react-dom.development.js:86:30)
      at error (node_modules/react-dom/cjs/react-dom.development.js:60:7)
      at validateDOMNesting (node_modules/react-dom/cjs/react-dom.development.js:10849:7)
      at createInstance (node_modules/react-dom/cjs/react-dom.development.js:10930:5)
      at completeWork (node_modules/react-dom/cjs/react-dom.development.js:22187:28)
      at completeUnitOfWork (node_modules/react-dom/cjs/react-dom.development.js:26593:16)
      at performUnitOfWork (node_modules/react-dom/cjs/react-dom.development.js:26568:5)
      at workLoopSync (node_modules/react-dom/cjs/react-dom.development.js:26466:5)

    console.error
      Warning: validateDOMNesting(...): <ol> cannot appear as a descendant of <p>.
          at ol
          at p
          at div
          at div
          at DisplayTask (/home/runner/work/team18/team18/src/list-components/DisplayTask.tsx:19:43)
          at DndProvider (/home/runner/work/team18/team18/node_modules/react-dnd/src/core/DndProvider.tsx:28:25)

      at printWarning (node_modules/react-dom/cjs/react-dom.development.js:86:30)
      at error (node_modules/react-dom/cjs/react-dom.development.js:60:7)
      at validateDOMNesting (node_modules/react-dom/cjs/react-dom.development.js:10849:7)
      at createInstance (node_modules/react-dom/cjs/react-dom.development.js:10930:5)
      at completeWork (node_modules/react-dom/cjs/react-dom.development.js:22187:28)
      at completeUnitOfWork (node_modules/react-dom/cjs/react-dom.development.js:26593:16)
      at performUnitOfWork (node_modules/react-dom/cjs/react-dom.development.js:26568:5)
      at workLoopSync (node_modules/react-dom/cjs/react-dom.development.js:26466:5)

    console.error
      Warning: ReactDOM.render is no longer supported in React 18. Use createRoot instead. Until you switch to the new API, your app will behave as if it's running React 17. Learn more: https://reactjs.org/link/switch-to-createroot

       7 | export const renderWithDnd = (ui: {} | null | undefined) => {
       8 |     // eslint-disable-next-line react/prop-types
    >  9 |     return render(<DndProvider backend={HTML5Backend}>{ui}</DndProvider>);
         |            ^
      10 | };
      11 |

      at printWarning (node_modules/react-dom/cjs/react-dom.development.js:86:30)
      at error (node_modules/react-dom/cjs/react-dom.development.js:60:7)
      at Object.render (node_modules/react-dom/cjs/react-dom.development.js:29670:5)
      at node_modules/@testing-library/react/dist/pure.js:101:25
      at act (node_modules/react/cjs/react.development.js:2512:16)
      at render (node_modules/@testing-library/react/dist/pure.js:97:26)
      at renderWithDnd (src/CustomRender.tsx:9:12)
      at Object.<anonymous> (src/list-components/DisplayTask.test.tsx:72:9)

    console.error
      Warning: ReactDOM.render is no longer supported in React 18. Use createRoot instead. Until you switch to the new API, your app will behave as if it's running React 17. Learn more: https://reactjs.org/link/switch-to-createroot

       7 | export const renderWithDnd = (ui: {} | null | undefined) => {
       8 |     // eslint-disable-next-line react/prop-types
    >  9 |     return render(<DndProvider backend={HTML5Backend}>{ui}</DndProvider>);
         |            ^
      10 | };
      11 |

      at printWarning (node_modules/react-dom/cjs/react-dom.development.js:86:30)
      at error (node_modules/react-dom/cjs/react-dom.development.js:60:7)
      at Object.render (node_modules/react-dom/cjs/react-dom.development.js:29670:5)
      at node_modules/@testing-library/react/dist/pure.js:101:25
      at act (node_modules/react/cjs/react.development.js:2512:16)
      at render (node_modules/@testing-library/react/dist/pure.js:97:26)
      at renderWithDnd (src/CustomRender.tsx:9:12)
      at Object.<anonymous> (src/list-components/DisplayTask.test.tsx:72:9)

    console.error
      Warning: ReactDOM.render is no longer supported in React 18. Use createRoot instead. Until you switch to the new API, your app will behave as if it's running React 17. Learn more: https://reactjs.org/link/switch-to-createroot

       7 | export const renderWithDnd = (ui: {} | null | undefined) => {
       8 |     // eslint-disable-next-line react/prop-types
    >  9 |     return render(<DndProvider backend={HTML5Backend}>{ui}</DndProvider>);
         |            ^
      10 | };
      11 |

      at printWarning (node_modules/react-dom/cjs/react-dom.development.js:86:30)
      at error (node_modules/react-dom/cjs/react-dom.development.js:60:7)
      at Object.render (node_modules/react-dom/cjs/react-dom.development.js:29670:5)
      at node_modules/@testing-library/react/dist/pure.js:101:25
      at act (node_modules/react/cjs/react.development.js:2512:16)
      at render (node_modules/@testing-library/react/dist/pure.js:97:26)
      at renderWithDnd (src/CustomRender.tsx:9:12)
      at Object.<anonymous> (src/list-components/DisplayTask.test.tsx:72:9)

    console.error
      Warning: ReactDOM.render is no longer supported in React 18. Use createRoot instead. Until you switch to the new API, your app will behave as if it's running React 17. Learn more: https://reactjs.org/link/switch-to-createroot

       7 | export const renderWithDnd = (ui: {} | null | undefined) => {
       8 |     // eslint-disable-next-line react/prop-types
    >  9 |     return render(<DndProvider backend={HTML5Backend}>{ui}</DndProvider>);
         |            ^
      10 | };
      11 |

      at printWarning (node_modules/react-dom/cjs/react-dom.development.js:86:30)
      at error (node_modules/react-dom/cjs/react-dom.development.js:60:7)
      at Object.render (node_modules/react-dom/cjs/react-dom.development.js:29670:5)
      at node_modules/@testing-library/react/dist/pure.js:101:25
      at act (node_modules/react/cjs/react.development.js:2512:16)
      at render (node_modules/@testing-library/react/dist/pure.js:97:26)
      at renderWithDnd (src/CustomRender.tsx:9:12)
      at Object.<anonymous> (src/list-components/DisplayTask.test.tsx:72:9)

    console.error
      Warning: ReactDOM.render is no longer supported in React 18. Use createRoot instead. Until you switch to the new API, your app will behave as if it's running React 17. Learn more: https://reactjs.org/link/switch-to-createroot

       7 | export const renderWithDnd = (ui: {} | null | undefined) => {
       8 |     // eslint-disable-next-line react/prop-types
    >  9 |     return render(<DndProvider backend={HTML5Backend}>{ui}</DndProvider>);
         |            ^
      10 | };
      11 |

      at printWarning (node_modules/react-dom/cjs/react-dom.development.js:86:30)
      at error (node_modules/react-dom/cjs/react-dom.development.js:60:7)
      at Object.render (node_modules/react-dom/cjs/react-dom.development.js:29670:5)
      at node_modules/@testing-library/react/dist/pure.js:101:25
      at act (node_modules/react/cjs/react.development.js:2512:16)
      at render (node_modules/@testing-library/react/dist/pure.js:97:26)
      at renderWithDnd (src/CustomRender.tsx:9:12)
      at Object.<anonymous> (src/list-components/DisplayTask.test.tsx:72:9)

    console.error
      Warning: ReactDOM.render is no longer supported in React 18. Use createRoot instead. Until you switch to the new API, your app will behave as if it's running React 17. Learn more: https://reactjs.org/link/switch-to-createroot

       7 | export const renderWithDnd = (ui: {} | null | undefined) => {
       8 |     // eslint-disable-next-line react/prop-types
    >  9 |     return render(<DndProvider backend={HTML5Backend}>{ui}</DndProvider>);
         |            ^
      10 | };
      11 |

      at printWarning (node_modules/react-dom/cjs/react-dom.development.js:86:30)
      at error (node_modules/react-dom/cjs/react-dom.development.js:60:7)
      at Object.render (node_modules/react-dom/cjs/react-dom.development.js:29670:5)
      at node_modules/@testing-library/react/dist/pure.js:101:25
      at act (node_modules/react/cjs/react.development.js:2512:16)
      at render (node_modules/@testing-library/react/dist/pure.js:97:26)
      at renderWithDnd (src/CustomRender.tsx:9:12)
      at Object.<anonymous> (src/list-components/DisplayTask.test.tsx:72:9)

    console.error
      Warning: ReactDOM.render is no longer supported in React 18. Use createRoot instead. Until you switch to the new API, your app will behave as if it's running React 17. Learn more: https://reactjs.org/link/switch-to-createroot

       7 | export const renderWithDnd = (ui: {} | null | undefined) => {
       8 |     // eslint-disable-next-line react/prop-types
    >  9 |     return render(<DndProvider backend={HTML5Backend}>{ui}</DndProvider>);
         |            ^
      10 | };
      11 |

      at printWarning (node_modules/react-dom/cjs/react-dom.development.js:86:30)
      at error (node_modules/react-dom/cjs/react-dom.development.js:60:7)
      at Object.render (node_modules/react-dom/cjs/react-dom.development.js:29670:5)
      at node_modules/@testing-library/react/dist/pure.js:101:25
      at act (node_modules/react/cjs/react.development.js:2512:16)
      at render (node_modules/@testing-library/react/dist/pure.js:97:26)
      at renderWithDnd (src/CustomRender.tsx:9:12)
      at Object.<anonymous> (src/list-components/DisplayTask.test.tsx:116:9)

PASS src/editing-components/EditStatus.test.tsx
  ● Console

    console.error
      Warning: ReactDOM.render is no longer supported in React 18. Use createRoot instead. Until you switch to the new API, your app will behave as if it's running React 17. Learn more: https://reactjs.org/link/switch-to-createroot

      65 | describe("EditStatus Component tests", () => {
      66 |     beforeEach(() =>
    > 67 |         render(
         |         ^
      68 |             <EditStatus
      69 |                 tasks={TaskList}
      70 |                 updateTasks={setTasks}

      at printWarning (node_modules/react-dom/cjs/react-dom.development.js:86:30)
      at error (node_modules/react-dom/cjs/react-dom.development.js:60:7)
      at Object.render (node_modules/react-dom/cjs/react-dom.development.js:29670:5)
      at node_modules/@testing-library/react/dist/pure.js:101:25
      at act (node_modules/react/cjs/react.development.js:2512:16)
      at render (node_modules/@testing-library/react/dist/pure.js:97:26)
      at Object.<anonymous> (src/editing-components/EditStatus.test.tsx:67:9)

    console.error
      Warning: ReactDOM.render is no longer supported in React 18. Use createRoot instead. Until you switch to the new API, your app will behave as if it's running React 17. Learn more: https://reactjs.org/link/switch-to-createroot

      65 | describe("EditStatus Component tests", () => {
      66 |     beforeEach(() =>
    > 67 |         render(
         |         ^
      68 |             <EditStatus
      69 |                 tasks={TaskList}
      70 |                 updateTasks={setTasks}

      at printWarning (node_modules/react-dom/cjs/react-dom.development.js:86:30)
      at error (node_modules/react-dom/cjs/react-dom.development.js:60:7)
      at Object.render (node_modules/react-dom/cjs/react-dom.development.js:29670:5)
      at node_modules/@testing-library/react/dist/pure.js:101:25
      at act (node_modules/react/cjs/react.development.js:2512:16)
      at render (node_modules/@testing-library/react/dist/pure.js:97:26)
      at Object.<anonymous> (src/editing-components/EditStatus.test.tsx:67:9)

    console.error
      Warning: ReactDOM.render is no longer supported in React 18. Use createRoot instead. Until you switch to the new API, your app will behave as if it's running React 17. Learn more: https://reactjs.org/link/switch-to-createroot

      65 | describe("EditStatus Component tests", () => {
      66 |     beforeEach(() =>
    > 67 |         render(
         |         ^
      68 |             <EditStatus
      69 |                 tasks={TaskList}
      70 |                 updateTasks={setTasks}

      at printWarning (node_modules/react-dom/cjs/react-dom.development.js:86:30)
      at error (node_modules/react-dom/cjs/react-dom.development.js:60:7)
      at Object.render (node_modules/react-dom/cjs/react-dom.development.js:29670:5)
      at node_modules/@testing-library/react/dist/pure.js:101:25
      at act (node_modules/react/cjs/react.development.js:2512:16)
      at render (node_modules/@testing-library/react/dist/pure.js:97:26)
      at Object.<anonymous> (src/editing-components/EditStatus.test.tsx:67:9)

    console.error
      Warning: ReactDOM.render is no longer supported in React 18. Use createRoot instead. Until you switch to the new API, your app will behave as if it's running React 17. Learn more: https://reactjs.org/link/switch-to-createroot

      65 | describe("EditStatus Component tests", () => {
      66 |     beforeEach(() =>
    > 67 |         render(
         |         ^
      68 |             <EditStatus
      69 |                 tasks={TaskList}
      70 |                 updateTasks={setTasks}

      at printWarning (node_modules/react-dom/cjs/react-dom.development.js:86:30)
      at error (node_modules/react-dom/cjs/react-dom.development.js:60:7)
      at Object.render (node_modules/react-dom/cjs/react-dom.development.js:29670:5)
      at node_modules/@testing-library/react/dist/pure.js:101:25
      at act (node_modules/react/cjs/react.development.js:2512:16)
      at render (node_modules/@testing-library/react/dist/pure.js:97:26)
      at Object.<anonymous> (src/editing-components/EditStatus.test.tsx:67:9)

PASS src/list-components/addTask.test.tsx
  ● Console

    console.error
      Warning: ReactDOM.render is no longer supported in React 18. Use createRoot instead. Until you switch to the new API, your app will behave as if it's running React 17. Learn more: https://reactjs.org/link/switch-to-createroot

      37 | describe("Add tasks tests", () => {
      38 |     beforeEach(() =>
    > 39 |         render(
         |         ^
      40 |             <AddTask
      41 |                 //item={TASK1}
      42 |                 tasks={TASKLIST1}

      at printWarning (node_modules/react-dom/cjs/react-dom.development.js:86:30)
      at error (node_modules/react-dom/cjs/react-dom.development.js:60:7)
      at Object.render (node_modules/react-dom/cjs/react-dom.development.js:29670:5)
      at node_modules/@testing-library/react/dist/pure.js:101:25
      at act (node_modules/react/cjs/react.development.js:2512:16)
      at render (node_modules/@testing-library/react/dist/pure.js:97:26)
      at Object.<anonymous> (src/list-components/addTask.test.tsx:39:9)

    console.error
      Warning: ReactDOM.render is no longer supported in React 18. Use createRoot instead. Until you switch to the new API, your app will behave as if it's running React 17. Learn more: https://reactjs.org/link/switch-to-createroot

      37 | describe("Add tasks tests", () => {
      38 |     beforeEach(() =>
    > 39 |         render(
         |         ^
      40 |             <AddTask
      41 |                 //item={TASK1}
      42 |                 tasks={TASKLIST1}

      at printWarning (node_modules/react-dom/cjs/react-dom.development.js:86:30)
      at error (node_modules/react-dom/cjs/react-dom.development.js:60:7)
      at Object.render (node_modules/react-dom/cjs/react-dom.development.js:29670:5)
      at node_modules/@testing-library/react/dist/pure.js:101:25
      at act (node_modules/react/cjs/react.development.js:2512:16)
      at render (node_modules/@testing-library/react/dist/pure.js:97:26)
      at Object.<anonymous> (src/list-components/addTask.test.tsx:39:9)

    console.error
      Warning: ReactDOM.render is no longer supported in React 18. Use createRoot instead. Until you switch to the new API, your app will behave as if it's running React 17. Learn more: https://reactjs.org/link/switch-to-createroot

      37 | describe("Add tasks tests", () => {
      38 |     beforeEach(() =>
    > 39 |         render(
         |         ^
      40 |             <AddTask
      41 |                 //item={TASK1}
      42 |                 tasks={TASKLIST1}

      at printWarning (node_modules/react-dom/cjs/react-dom.development.js:86:30)
      at error (node_modules/react-dom/cjs/react-dom.development.js:60:7)
      at Object.render (node_modules/react-dom/cjs/react-dom.development.js:29670:5)
      at node_modules/@testing-library/react/dist/pure.js:101:25
      at act (node_modules/react/cjs/react.development.js:2512:16)
      at render (node_modules/@testing-library/react/dist/pure.js:97:26)
      at Object.<anonymous> (src/list-components/addTask.test.tsx:39:9)

    console.error
      Warning: ReactDOM.render is no longer supported in React 18. Use createRoot instead. Until you switch to the new API, your app will behave as if it's running React 17. Learn more: https://reactjs.org/link/switch-to-createroot

      37 | describe("Add tasks tests", () => {
      38 |     beforeEach(() =>
    > 39 |         render(
         |         ^
      40 |             <AddTask
      41 |                 //item={TASK1}
      42 |                 tasks={TASKLIST1}

      at printWarning (node_modules/react-dom/cjs/react-dom.development.js:86:30)
      at error (node_modules/react-dom/cjs/react-dom.development.js:60:7)
      at Object.render (node_modules/react-dom/cjs/react-dom.development.js:29670:5)
      at node_modules/@testing-library/react/dist/pure.js:101:25
      at act (node_modules/react/cjs/react.development.js:2512:16)
      at render (node_modules/@testing-library/react/dist/pure.js:97:26)
      at Object.<anonymous> (src/list-components/addTask.test.tsx:39:9)

    console.error
      Warning: ReactDOM.render is no longer supported in React 18. Use createRoot instead. Until you switch to the new API, your app will behave as if it's running React 17. Learn more: https://reactjs.org/link/switch-to-createroot

      37 | describe("Add tasks tests", () => {
      38 |     beforeEach(() =>
    > 39 |         render(
         |         ^
      40 |             <AddTask
      41 |                 //item={TASK1}
      42 |                 tasks={TASKLIST1}

      at printWarning (node_modules/react-dom/cjs/react-dom.development.js:86:30)
      at error (node_modules/react-dom/cjs/react-dom.development.js:60:7)
      at Object.render (node_modules/react-dom/cjs/react-dom.development.js:29670:5)
      at node_modules/@testing-library/react/dist/pure.js:101:25
      at act (node_modules/react/cjs/react.development.js:2512:16)
      at render (node_modules/@testing-library/react/dist/pure.js:97:26)
      at Object.<anonymous> (src/list-components/addTask.test.tsx:39:9)

    console.error
      Warning: ReactDOM.render is no longer supported in React 18. Use createRoot instead. Until you switch to the new API, your app will behave as if it's running React 17. Learn more: https://reactjs.org/link/switch-to-createroot

      37 | describe("Add tasks tests", () => {
      38 |     beforeEach(() =>
    > 39 |         render(
         |         ^
      40 |             <AddTask
      41 |                 //item={TASK1}
      42 |                 tasks={TASKLIST1}

      at printWarning (node_modules/react-dom/cjs/react-dom.development.js:86:30)
      at error (node_modules/react-dom/cjs/react-dom.development.js:60:7)
      at Object.render (node_modules/react-dom/cjs/react-dom.development.js:29670:5)
      at node_modules/@testing-library/react/dist/pure.js:101:25
      at act (node_modules/react/cjs/react.development.js:2512:16)
      at render (node_modules/@testing-library/react/dist/pure.js:97:26)
      at Object.<anonymous> (src/list-components/addTask.test.tsx:39:9)

    console.error
      Warning: ReactDOM.render is no longer supported in React 18. Use createRoot instead. Until you switch to the new API, your app will behave as if it's running React 17. Learn more: https://reactjs.org/link/switch-to-createroot

      37 | describe("Add tasks tests", () => {
      38 |     beforeEach(() =>
    > 39 |         render(
         |         ^
      40 |             <AddTask
      41 |                 //item={TASK1}
      42 |                 tasks={TASKLIST1}

      at printWarning (node_modules/react-dom/cjs/react-dom.development.js:86:30)
      at error (node_modules/react-dom/cjs/react-dom.development.js:60:7)
      at Object.render (node_modules/react-dom/cjs/react-dom.development.js:29670:5)
      at node_modules/@testing-library/react/dist/pure.js:101:25
      at act (node_modules/react/cjs/react.development.js:2512:16)
      at render (node_modules/@testing-library/react/dist/pure.js:97:26)
      at Object.<anonymous> (src/list-components/addTask.test.tsx:39:9)

PASS src/editing-components/EditTask.test.tsx
  ● Console

    console.error
      Warning: ReactDOM.render is no longer supported in React 18. Use createRoot instead. Until you switch to the new API, your app will behave as if it's running React 17. Learn more: https://reactjs.org/link/switch-to-createroot

      63 | describe("Testing EditTask", () => {
      64 |     beforeEach(() => {
    > 65 |         render(
         |         ^
      66 |             <EditTask tasks={TaskList} updateTasks={setTasks} task={testTask} />
      67 |         );
      68 |     });

      at printWarning (node_modules/react-dom/cjs/react-dom.development.js:86:30)
      at error (node_modules/react-dom/cjs/react-dom.development.js:60:7)
      at Object.render (node_modules/react-dom/cjs/react-dom.development.js:29670:5)
      at node_modules/@testing-library/react/dist/pure.js:101:25
      at act (node_modules/react/cjs/react.development.js:2512:16)
      at render (node_modules/@testing-library/react/dist/pure.js:97:26)
      at Object.<anonymous> (src/editing-components/EditTask.test.tsx:65:9)

    console.error
      Warning: ReactDOM.render is no longer supported in React 18. Use createRoot instead. Until you switch to the new API, your app will behave as if it's running React 17. Learn more: https://reactjs.org/link/switch-to-createroot

      76 | describe("Testing EditTask", () => {
      77 |     beforeEach(() => {
    > 78 |         render(
         |         ^
      79 |             <EditTask tasks={TaskList} updateTasks={setTasks} task={testTask} />
      80 |         );
      81 |         const editBut = screen.getByRole("button", { name: "Edit ✏️" }); //this is finding the edit Task button

      at printWarning (node_modules/react-dom/cjs/react-dom.development.js:86:30)
      at error (node_modules/react-dom/cjs/react-dom.development.js:60:7)
      at Object.render (node_modules/react-dom/cjs/react-dom.development.js:29670:5)
      at node_modules/@testing-library/react/dist/pure.js:101:25
      at act (node_modules/react/cjs/react.development.js:2512:16)
      at render (node_modules/@testing-library/react/dist/pure.js:97:26)
      at Object.<anonymous> (src/editing-components/EditTask.test.tsx:78:9)

    console.error
      Warning: ReactDOM.render is no longer supported in React 18. Use createRoot instead. Until you switch to the new API, your app will behave as if it's running React 17. Learn more: https://reactjs.org/link/switch-to-createroot

      76 | describe("Testing EditTask", () => {
      77 |     beforeEach(() => {
    > 78 |         render(
         |         ^
      79 |             <EditTask tasks={TaskList} updateTasks={setTasks} task={testTask} />
      80 |         );
      81 |         const editBut = screen.getByRole("button", { name: "Edit ✏️" }); //this is finding the edit Task button

      at printWarning (node_modules/react-dom/cjs/react-dom.development.js:86:30)
      at error (node_modules/react-dom/cjs/react-dom.development.js:60:7)
      at Object.render (node_modules/react-dom/cjs/react-dom.development.js:29670:5)
      at node_modules/@testing-library/react/dist/pure.js:101:25
      at act (node_modules/react/cjs/react.development.js:2512:16)
      at render (node_modules/@testing-library/react/dist/pure.js:97:26)
      at Object.<anonymous> (src/editing-components/EditTask.test.tsx:78:9)

    console.error
      Warning: ReactDOM.render is no longer supported in React 18. Use createRoot instead. Until you switch to the new API, your app will behave as if it's running React 17. Learn more: https://reactjs.org/link/switch-to-createroot

      76 | describe("Testing EditTask", () => {
      77 |     beforeEach(() => {
    > 78 |         render(
         |         ^
      79 |             <EditTask tasks={TaskList} updateTasks={setTasks} task={testTask} />
      80 |         );
      81 |         const editBut = screen.getByRole("button", { name: "Edit ✏️" }); //this is finding the edit Task button

      at printWarning (node_modules/react-dom/cjs/react-dom.development.js:86:30)
      at error (node_modules/react-dom/cjs/react-dom.development.js:60:7)
      at Object.render (node_modules/react-dom/cjs/react-dom.development.js:29670:5)
      at node_modules/@testing-library/react/dist/pure.js:101:25
      at act (node_modules/react/cjs/react.development.js:2512:16)
      at render (node_modules/@testing-library/react/dist/pure.js:97:26)
      at Object.<anonymous> (src/editing-components/EditTask.test.tsx:78:9)

    console.error
      Warning: ReactDOM.render is no longer supported in React 18. Use createRoot instead. Until you switch to the new API, your app will behave as if it's running React 17. Learn more: https://reactjs.org/link/switch-to-createroot

      76 | describe("Testing EditTask", () => {
      77 |     beforeEach(() => {
    > 78 |         render(
         |         ^
      79 |             <EditTask tasks={TaskList} updateTasks={setTasks} task={testTask} />
      80 |         );
      81 |         const editBut = screen.getByRole("button", { name: "Edit ✏️" }); //this is finding the edit Task button

      at printWarning (node_modules/react-dom/cjs/react-dom.development.js:86:30)
      at error (node_modules/react-dom/cjs/react-dom.development.js:60:7)
      at Object.render (node_modules/react-dom/cjs/react-dom.development.js:29670:5)
      at node_modules/@testing-library/react/dist/pure.js:101:25
      at act (node_modules/react/cjs/react.development.js:2512:16)
      at render (node_modules/@testing-library/react/dist/pure.js:97:26)
      at Object.<anonymous> (src/editing-components/EditTask.test.tsx:78:9)

    console.error
      Warning: ReactDOM.render is no longer supported in React 18. Use createRoot instead. Until you switch to the new API, your app will behave as if it's running React 17. Learn more: https://reactjs.org/link/switch-to-createroot

      76 | describe("Testing EditTask", () => {
      77 |     beforeEach(() => {
    > 78 |         render(
         |         ^
      79 |             <EditTask tasks={TaskList} updateTasks={setTasks} task={testTask} />
      80 |         );
      81 |         const editBut = screen.getByRole("button", { name: "Edit ✏️" }); //this is finding the edit Task button

      at printWarning (node_modules/react-dom/cjs/react-dom.development.js:86:30)
      at error (node_modules/react-dom/cjs/react-dom.development.js:60:7)
      at Object.render (node_modules/react-dom/cjs/react-dom.development.js:29670:5)
      at node_modules/@testing-library/react/dist/pure.js:101:25
      at act (node_modules/react/cjs/react.development.js:2512:16)
      at render (node_modules/@testing-library/react/dist/pure.js:97:26)
      at Object.<anonymous> (src/editing-components/EditTask.test.tsx:78:9)

PASS src/list-components/CentralItemList.test.tsx
  ● Console

    console.error
      Warning: ReactDOM.render is no longer supported in React 18. Use createRoot instead. Until you switch to the new API, your app will behave as if it's running React 17. Learn more: https://reactjs.org/link/switch-to-createroot

       7 | export const renderWithDnd = (ui: {} | null | undefined) => {
       8 |     // eslint-disable-next-line react/prop-types
    >  9 |     return render(<DndProvider backend={HTML5Backend}>{ui}</DndProvider>);
         |            ^
      10 | };
      11 |

      at printWarning (node_modules/react-dom/cjs/react-dom.development.js:86:30)
      at error (node_modules/react-dom/cjs/react-dom.development.js:60:7)
      at Object.render (node_modules/react-dom/cjs/react-dom.development.js:29670:5)
      at node_modules/@testing-library/react/dist/pure.js:101:25
      at act (node_modules/react/cjs/react.development.js:2512:16)
      at render (node_modules/@testing-library/react/dist/pure.js:97:26)
      at renderWithDnd (src/CustomRender.tsx:9:12)
      at Object.<anonymous> (src/list-components/CentralItemList.test.tsx:60:9)

    console.log
      Central Item List

      at CentralItemList (src/list-components/CentralItemList.tsx:124:26)

    console.log
      {
        id: 0,
        name: 'test1',
        description: 'description a',
        status: false,
        image: 'picture',
        steps: [ 'a', 'b', 'c', 'GutenTag', '469476' ],
        difficulty: 3,
        numUsers: 2,
        time: '1345',
        pendingMode: false
      } {
        id: 0,
        name: 'test2',
        description: 'this is the description',
        status: false,
        image: 'picture',
        steps: [ 'a', 'b', 'c', 'GutenTag', '469476' ],
        difficulty: 3,
        numUsers: 2,
        time: '1345',
        pendingMode: false
      } {
        id: 2,
        name: 'test3',
        description: 'a good description',
        status: false,
        image: 'picture',
        steps: [ 'a', 'b', 'c', 'GutenTag', '469476' ],
        difficulty: 3,
        numUsers: 2,
        time: '1345',
        pendingMode: false
      }

      at CentralItemList (src/list-components/CentralItemList.tsx:125:26)

    console.error
      Warning: validateDOMNesting(...): <div> cannot appear as a descendant of <p>.
          at div
          at /home/runner/work/team18/team18/node_modules/react-bootstrap/cjs/FormCheck.js:31:3
          at div
          at EditStatus (/home/runner/work/team18/team18/src/editing-components/EditStatus.tsx:22:56)
          at CallEditStatus
          at p
          at div
          at div
          at DisplayTask (/home/runner/work/team18/team18/src/list-components/DisplayTask.tsx:19:43)
          at div
          at div
          at CentralItemList (/home/runner/work/team18/team18/src/list-components/CentralItemList.tsx:20:35)
          at DndProvider (/home/runner/work/team18/team18/node_modules/react-dnd/src/core/DndProvider.tsx:28:25)

      at printWarning (node_modules/react-dom/cjs/react-dom.development.js:86:30)
      at error (node_modules/react-dom/cjs/react-dom.development.js:60:7)
      at validateDOMNesting (node_modules/react-dom/cjs/react-dom.development.js:10849:7)
      at createInstance (node_modules/react-dom/cjs/react-dom.development.js:10930:5)
      at completeWork (node_modules/react-dom/cjs/react-dom.development.js:22187:28)
      at completeUnitOfWork (node_modules/react-dom/cjs/react-dom.development.js:26593:16)
      at performUnitOfWork (node_modules/react-dom/cjs/react-dom.development.js:26568:5)
      at workLoopSync (node_modules/react-dom/cjs/react-dom.development.js:26466:5)

    console.error
      Warning: validateDOMNesting(...): <ol> cannot appear as a descendant of <p>.
          at ol
          at p
          at div
          at div
          at DisplayTask (/home/runner/work/team18/team18/src/list-components/DisplayTask.tsx:19:43)
          at div
          at div
          at CentralItemList (/home/runner/work/team18/team18/src/list-components/CentralItemList.tsx:20:35)
          at DndProvider (/home/runner/work/team18/team18/node_modules/react-dnd/src/core/DndProvider.tsx:28:25)

      at printWarning (node_modules/react-dom/cjs/react-dom.development.js:86:30)
      at error (node_modules/react-dom/cjs/react-dom.development.js:60:7)
      at validateDOMNesting (node_modules/react-dom/cjs/react-dom.development.js:10849:7)
      at createInstance (node_modules/react-dom/cjs/react-dom.development.js:10930:5)
      at completeWork (node_modules/react-dom/cjs/react-dom.development.js:22187:28)
      at completeUnitOfWork (node_modules/react-dom/cjs/react-dom.development.js:26593:16)
      at performUnitOfWork (node_modules/react-dom/cjs/react-dom.development.js:26568:5)
      at workLoopSync (node_modules/react-dom/cjs/react-dom.development.js:26466:5)

    console.error
      Warning: ReactDOM.render is no longer supported in React 18. Use createRoot instead. Until you switch to the new API, your app will behave as if it's running React 17. Learn more: https://reactjs.org/link/switch-to-createroot

       7 | export const renderWithDnd = (ui: {} | null | undefined) => {
       8 |     // eslint-disable-next-line react/prop-types
    >  9 |     return render(<DndProvider backend={HTML5Backend}>{ui}</DndProvider>);
         |            ^
      10 | };
      11 |

      at printWarning (node_modules/react-dom/cjs/react-dom.development.js:86:30)
      at error (node_modules/react-dom/cjs/react-dom.development.js:60:7)
      at Object.render (node_modules/react-dom/cjs/react-dom.development.js:29670:5)
      at node_modules/@testing-library/react/dist/pure.js:101:25
      at act (node_modules/react/cjs/react.development.js:2512:16)
      at render (node_modules/@testing-library/react/dist/pure.js:97:26)
      at renderWithDnd (src/CustomRender.tsx:9:12)
      at Object.<anonymous> (src/list-components/CentralItemList.test.tsx:76:9)

    console.log
      Central Item List

      at CentralItemList (src/list-components/CentralItemList.tsx:124:26)

    console.log
      {
        id: 0,
        name: 'test1',
        description: 'description a',
        status: false,
        image: 'picture',
        steps: [ 'a', 'b', 'c', 'GutenTag', '469476' ],
        difficulty: 3,
        numUsers: 2,
        time: '1345',
        pendingMode: false
      } {
        id: 0,
        name: 'test2',
        description: 'this is the description',
        status: false,
        image: 'picture',
        steps: [ 'a', 'b', 'c', 'GutenTag', '469476' ],
        difficulty: 3,
        numUsers: 2,
        time: '1345',
        pendingMode: false
      } {
        id: 2,
        name: 'test3',
        description: 'a good description',
        status: false,
        image: 'picture',
        steps: [ 'a', 'b', 'c', 'GutenTag', '469476' ],
        difficulty: 3,
        numUsers: 2,
        time: '1345',
        pendingMode: false
      }

      at CentralItemList (src/list-components/CentralItemList.tsx:125:26)

    console.error
      Warning: ReactDOM.render is no longer supported in React 18. Use createRoot instead. Until you switch to the new API, your app will behave as if it's running React 17. Learn more: https://reactjs.org/link/switch-to-createroot

       7 | export const renderWithDnd = (ui: {} | null | undefined) => {
       8 |     // eslint-disable-next-line react/prop-types
    >  9 |     return render(<DndProvider backend={HTML5Backend}>{ui}</DndProvider>);
         |            ^
      10 | };
      11 |

      at printWarning (node_modules/react-dom/cjs/react-dom.development.js:86:30)
      at error (node_modules/react-dom/cjs/react-dom.development.js:60:7)
      at Object.render (node_modules/react-dom/cjs/react-dom.development.js:29670:5)
      at node_modules/@testing-library/react/dist/pure.js:101:25
      at act (node_modules/react/cjs/react.development.js:2512:16)
      at render (node_modules/@testing-library/react/dist/pure.js:97:26)
      at renderWithDnd (src/CustomRender.tsx:9:12)
      at Object.<anonymous> (src/list-components/CentralItemList.test.tsx:95:9)

    console.log
      Central Item List

      at CentralItemList (src/list-components/CentralItemList.tsx:124:26)

    console.log
      {
        id: 0,
        name: 'test1',
        description: 'description a',
        status: false,
        image: 'picture',
        steps: [ 'a', 'b', 'c', 'GutenTag', '469476' ],
        difficulty: 3,
        numUsers: 2,
        time: '1345',
        pendingMode: false
      } {
        id: 0,
        name: 'test2',
        description: 'this is the description',
        status: false,
        image: 'picture',
        steps: [ 'a', 'b', 'c', 'GutenTag', '469476' ],
        difficulty: 3,
        numUsers: 2,
        time: '1345',
        pendingMode: false
      } {
        id: 2,
        name: 'test3',
        description: 'a good description',
        status: false,
        image: 'picture',
        steps: [ 'a', 'b', 'c', 'GutenTag', '469476' ],
        difficulty: 3,
        numUsers: 2,
        time: '1345',
        pendingMode: false
      }

      at CentralItemList (src/list-components/CentralItemList.tsx:125:26)

PASS src/list-components/search.test.tsx
PASS src/list-components/ModifyUsers.test.tsx
  ● Console

    console.error
      Warning: ReactDOM.render is no longer supported in React 18. Use createRoot instead. Until you switch to the new API, your app will behave as if it's running React 17. Learn more: https://reactjs.org/link/switch-to-createroot

      10 | describe("Modify User tests", () => {
      11 |     beforeEach(() =>
    > 12 |         render(
         |         ^
      13 |             <ModifyUsers
      14 |                 Role={ROLE1}
      15 |                 roles={[ROLE1, ROLE2, ROLE3]}

      at printWarning (node_modules/react-dom/cjs/react-dom.development.js:86:30)
      at error (node_modules/react-dom/cjs/react-dom.development.js:60:7)
      at Object.render (node_modules/react-dom/cjs/react-dom.development.js:29670:5)
      at node_modules/@testing-library/react/dist/pure.js:101:25
      at act (node_modules/react/cjs/react.development.js:2512:16)
      at render (node_modules/@testing-library/react/dist/pure.js:97:26)
      at Object.<anonymous> (src/list-components/ModifyUsers.test.tsx:12:9)

    console.error
      Warning: ReactDOM.render is no longer supported in React 18. Use createRoot instead. Until you switch to the new API, your app will behave as if it's running React 17. Learn more: https://reactjs.org/link/switch-to-createroot

      10 | describe("Modify User tests", () => {
      11 |     beforeEach(() =>
    > 12 |         render(
         |         ^
      13 |             <ModifyUsers
      14 |                 Role={ROLE1}
      15 |                 roles={[ROLE1, ROLE2, ROLE3]}

      at printWarning (node_modules/react-dom/cjs/react-dom.development.js:86:30)
      at error (node_modules/react-dom/cjs/react-dom.development.js:60:7)
      at Object.render (node_modules/react-dom/cjs/react-dom.development.js:29670:5)
      at node_modules/@testing-library/react/dist/pure.js:101:25
      at act (node_modules/react/cjs/react.development.js:2512:16)
      at render (node_modules/@testing-library/react/dist/pure.js:97:26)
      at Object.<anonymous> (src/list-components/ModifyUsers.test.tsx:12:9)

    console.error
      Warning: ReactDOM.render is no longer supported in React 18. Use createRoot instead. Until you switch to the new API, your app will behave as if it's running React 17. Learn more: https://reactjs.org/link/switch-to-createroot

      10 | describe("Modify User tests", () => {
      11 |     beforeEach(() =>
    > 12 |         render(
         |         ^
      13 |             <ModifyUsers
      14 |                 Role={ROLE1}
      15 |                 roles={[ROLE1, ROLE2, ROLE3]}

      at printWarning (node_modules/react-dom/cjs/react-dom.development.js:86:30)
      at error (node_modules/react-dom/cjs/react-dom.development.js:60:7)
      at Object.render (node_modules/react-dom/cjs/react-dom.development.js:29670:5)
      at node_modules/@testing-library/react/dist/pure.js:101:25
      at act (node_modules/react/cjs/react.development.js:2512:16)
      at render (node_modules/@testing-library/react/dist/pure.js:97:26)
      at Object.<anonymous> (src/list-components/ModifyUsers.test.tsx:12:9)

    console.error
      Warning: ReactDOM.render is no longer supported in React 18. Use createRoot instead. Until you switch to the new API, your app will behave as if it's running React 17. Learn more: https://reactjs.org/link/switch-to-createroot

      10 | describe("Modify User tests", () => {
      11 |     beforeEach(() =>
    > 12 |         render(
         |         ^
      13 |             <ModifyUsers
      14 |                 Role={ROLE1}
      15 |                 roles={[ROLE1, ROLE2, ROLE3]}

      at printWarning (node_modules/react-dom/cjs/react-dom.development.js:86:30)
      at error (node_modules/react-dom/cjs/react-dom.development.js:60:7)
      at Object.render (node_modules/react-dom/cjs/react-dom.development.js:29670:5)
      at node_modules/@testing-library/react/dist/pure.js:101:25
      at act (node_modules/react/cjs/react.development.js:2512:16)
      at render (node_modules/@testing-library/react/dist/pure.js:97:26)
      at Object.<anonymous> (src/list-components/ModifyUsers.test.tsx:12:9)

FAIL src/list-components/dist/deleteTak.test.js
  ● Delete task tests › There is a switch

    TypeError: Cannot read properties of undefined (reading 'createElement')

      44 | describe("Delete task tests", function () {
      45 |     beforeEach(function () {
    > 46 |         return react_2.render(react_1["default"].createElement(deleteTask_component_1.DeleteTask
         |                                                  ^
      47 |         //item={TASK1}
      48 |         , { 
      49 |             //item={TASK1}

      at Object.<anonymous> (src/list-components/dist/deleteTak.test.js:46:50)

  ● Delete task tests › On switch click, there is a textbox and buttons: 

    TypeError: Cannot read properties of undefined (reading 'createElement')

      44 | describe("Delete task tests", function () {
      45 |     beforeEach(function () {
    > 46 |         return react_2.render(react_1["default"].createElement(deleteTask_component_1.DeleteTask
         |                                                  ^
      47 |         //item={TASK1}
      48 |         , { 
      49 |             //item={TASK1}

      at Object.<anonymous> (src/list-components/dist/deleteTak.test.js:46:50)

  ● Delete task tests › Clicking delete task deletes from the list and leaves edit mode

    TypeError: Cannot read properties of undefined (reading 'createElement')

      44 | describe("Delete task tests", function () {
      45 |     beforeEach(function () {
    > 46 |         return react_2.render(react_1["default"].createElement(deleteTask_component_1.DeleteTask
         |                                                  ^
      47 |         //item={TASK1}
      48 |         , { 
      49 |             //item={TASK1}

      at Object.<anonymous> (src/list-components/dist/deleteTak.test.js:46:50)

PASS src/TaskFunctions.test.tsx
FAIL src/list-components/dist/addTask.test.js
  ● Add tasks tests › There is a switch

    TypeError: Cannot read properties of undefined (reading 'createElement')

      32 | describe("Add tasks tests", function () {
      33 |     beforeEach(function () {
    > 34 |         return react_2.render(react_1["default"].createElement(addTask_1.AddTask
         |                                                  ^
      35 |         //item={TASK1}
      36 |         , { 
      37 |             //item={TASK1}

      at Object.<anonymous> (src/list-components/dist/addTask.test.js:34:50)

  ● Add tasks tests › On switch click, there is a textbox and buttons: 

    TypeError: Cannot read properties of undefined (reading 'createElement')

      32 | describe("Add tasks tests", function () {
      33 |     beforeEach(function () {
    > 34 |         return react_2.render(react_1["default"].createElement(addTask_1.AddTask
         |                                                  ^
      35 |         //item={TASK1}
      36 |         , { 
      37 |             //item={TASK1}

      at Object.<anonymous> (src/list-components/dist/addTask.test.js:34:50)

  ● Add tasks tests › Clicking add task adds a task and leaves edit mode

    TypeError: Cannot read properties of undefined (reading 'createElement')

      32 | describe("Add tasks tests", function () {
      33 |     beforeEach(function () {
    > 34 |         return react_2.render(react_1["default"].createElement(addTask_1.AddTask
         |                                                  ^
      35 |         //item={TASK1}
      36 |         , { 
      37 |             //item={TASK1}

      at Object.<anonymous> (src/list-components/dist/addTask.test.js:34:50)

FAIL src/editing-components/dist/EditSteps.test.js
  ● Test suite failed to run

    Cannot find module './EditSteps' from 'src/editing-components/dist/EditSteps.test.js'

    However, Jest was able to find:
    	'./EditSteps.test.js'

    You might want to include a file extension in your import, or update your 'moduleFileExtensions', which is currently ['web.js', 'js', 'web.ts', 'ts', 'web.tsx', 'tsx', 'json', 'web.jsx', 'jsx', 'node'].

    See https://jestjs.io/docs/configuration#modulefileextensions-arraystring

      3 | var react_1 = require("react");
      4 | var react_2 = require("@testing-library/react");
    > 5 | var EditSteps_1 = require("./EditSteps");
        |                   ^
      6 | var testSteps = ["hello", "this", "is", "a", "test"];
      7 | //This function does nothing and is only here to be passed in to the component function
      8 | function setSteps(newSteps) {

      at Resolver.resolveModule (node_modules/jest-resolve/build/resolver.js:324:11)
      at Object.<anonymous> (src/editing-components/dist/EditSteps.test.js:5:19)

PASS src/editing-components/EditDescription.test.tsx
  ● Console

    console.error
      Warning: ReactDOM.render is no longer supported in React 18. Use createRoot instead. Until you switch to the new API, your app will behave as if it's running React 17. Learn more: https://reactjs.org/link/switch-to-createroot

      13 | describe("EditDescription Component tests", () => {
      14 |     beforeEach(() =>
    > 15 |         render(
         |         ^
      16 |             <EditDescription
      17 |                 description={testDescription}
      18 |                 setDescription={setDescription}

      at printWarning (node_modules/react-dom/cjs/react-dom.development.js:86:30)
      at error (node_modules/react-dom/cjs/react-dom.development.js:60:7)
      at Object.render (node_modules/react-dom/cjs/react-dom.development.js:29670:5)
      at node_modules/@testing-library/react/dist/pure.js:101:25
      at act (node_modules/react/cjs/react.development.js:2512:16)
      at render (node_modules/@testing-library/react/dist/pure.js:97:26)
      at Object.<anonymous> (src/editing-components/EditDescription.test.tsx:15:9)

    console.error
      Warning: ReactDOM.render is no longer supported in React 18. Use createRoot instead. Until you switch to the new API, your app will behave as if it's running React 17. Learn more: https://reactjs.org/link/switch-to-createroot

      13 | describe("EditDescription Component tests", () => {
      14 |     beforeEach(() =>
    > 15 |         render(
         |         ^
      16 |             <EditDescription
      17 |                 description={testDescription}
      18 |                 setDescription={setDescription}

      at printWarning (node_modules/react-dom/cjs/react-dom.development.js:86:30)
      at error (node_modules/react-dom/cjs/react-dom.development.js:60:7)
      at Object.render (node_modules/react-dom/cjs/react-dom.development.js:29670:5)
      at node_modules/@testing-library/react/dist/pure.js:101:25
      at act (node_modules/react/cjs/react.development.js:2512:16)
      at render (node_modules/@testing-library/react/dist/pure.js:97:26)
      at Object.<anonymous> (src/editing-components/EditDescription.test.tsx:15:9)

    console.error
      Warning: ReactDOM.render is no longer supported in React 18. Use createRoot instead. Until you switch to the new API, your app will behave as if it's running React 17. Learn more: https://reactjs.org/link/switch-to-createroot

      13 | describe("EditDescription Component tests", () => {
      14 |     beforeEach(() =>
    > 15 |         render(
         |         ^
      16 |             <EditDescription
      17 |                 description={testDescription}
      18 |                 setDescription={setDescription}

      at printWarning (node_modules/react-dom/cjs/react-dom.development.js:86:30)
      at error (node_modules/react-dom/cjs/react-dom.development.js:60:7)
      at Object.render (node_modules/react-dom/cjs/react-dom.development.js:29670:5)
      at node_modules/@testing-library/react/dist/pure.js:101:25
      at act (node_modules/react/cjs/react.development.js:2512:16)
      at render (node_modules/@testing-library/react/dist/pure.js:97:26)
      at Object.<anonymous> (src/editing-components/EditDescription.test.tsx:15:9)

    console.error
      Warning: ReactDOM.render is no longer supported in React 18. Use createRoot instead. Until you switch to the new API, your app will behave as if it's running React 17. Learn more: https://reactjs.org/link/switch-to-createroot

      13 | describe("EditDescription Component tests", () => {
      14 |     beforeEach(() =>
    > 15 |         render(
         |         ^
      16 |             <EditDescription
      17 |                 description={testDescription}
      18 |                 setDescription={setDescription}

      at printWarning (node_modules/react-dom/cjs/react-dom.development.js:86:30)
      at error (node_modules/react-dom/cjs/react-dom.development.js:60:7)
      at Object.render (node_modules/react-dom/cjs/react-dom.development.js:29670:5)
      at node_modules/@testing-library/react/dist/pure.js:101:25
      at act (node_modules/react/cjs/react.development.js:2512:16)
      at render (node_modules/@testing-library/react/dist/pure.js:97:26)
      at Object.<anonymous> (src/editing-components/EditDescription.test.tsx:15:9)

PASS src/editing-components/EditSteps.test.tsx
  ● Console

    console.error
      Warning: ReactDOM.render is no longer supported in React 18. Use createRoot instead. Until you switch to the new API, your app will behave as if it's running React 17. Learn more: https://reactjs.org/link/switch-to-createroot

      12 | describe("test editSteps", () => {
      13 |     beforeEach(() =>
    > 14 |         render(<EditSteps steps={testSteps} setSteps={setSteps}></EditSteps>)
         |         ^
      15 |     );
      16 |     test("editSteps component displays", () => {
      17 |         const comp = screen.getByText(/Change Steps/i);

      at printWarning (node_modules/react-dom/cjs/react-dom.development.js:86:30)
      at error (node_modules/react-dom/cjs/react-dom.development.js:60:7)
      at Object.render (node_modules/react-dom/cjs/react-dom.development.js:29670:5)
      at node_modules/@testing-library/react/dist/pure.js:101:25
      at act (node_modules/react/cjs/react.development.js:2512:16)
      at render (node_modules/@testing-library/react/dist/pure.js:97:26)
      at Object.<anonymous> (src/editing-components/EditSteps.test.tsx:14:9)

    console.error
      Warning: ReactDOM.render is no longer supported in React 18. Use createRoot instead. Until you switch to the new API, your app will behave as if it's running React 17. Learn more: https://reactjs.org/link/switch-to-createroot

      12 | describe("test editSteps", () => {
      13 |     beforeEach(() =>
    > 14 |         render(<EditSteps steps={testSteps} setSteps={setSteps}></EditSteps>)
         |         ^
      15 |     );
      16 |     test("editSteps component displays", () => {
      17 |         const comp = screen.getByText(/Change Steps/i);

      at printWarning (node_modules/react-dom/cjs/react-dom.development.js:86:30)
      at error (node_modules/react-dom/cjs/react-dom.development.js:60:7)
      at Object.render (node_modules/react-dom/cjs/react-dom.development.js:29670:5)
      at node_modules/@testing-library/react/dist/pure.js:101:25
      at act (node_modules/react/cjs/react.development.js:2512:16)
      at render (node_modules/@testing-library/react/dist/pure.js:97:26)
      at Object.<anonymous> (src/editing-components/EditSteps.test.tsx:14:9)

    console.error
      Warning: ReactDOM.render is no longer supported in React 18. Use createRoot instead. Until you switch to the new API, your app will behave as if it's running React 17. Learn more: https://reactjs.org/link/switch-to-createroot

      12 | describe("test editSteps", () => {
      13 |     beforeEach(() =>
    > 14 |         render(<EditSteps steps={testSteps} setSteps={setSteps}></EditSteps>)
         |         ^
      15 |     );
      16 |     test("editSteps component displays", () => {
      17 |         const comp = screen.getByText(/Change Steps/i);

      at printWarning (node_modules/react-dom/cjs/react-dom.development.js:86:30)
      at error (node_modules/react-dom/cjs/react-dom.development.js:60:7)
      at Object.render (node_modules/react-dom/cjs/react-dom.development.js:29670:5)
      at node_modules/@testing-library/react/dist/pure.js:101:25
      at act (node_modules/react/cjs/react.development.js:2512:16)
      at render (node_modules/@testing-library/react/dist/pure.js:97:26)
      at Object.<anonymous> (src/editing-components/EditSteps.test.tsx:14:9)

    console.error
      Warning: ReactDOM.render is no longer supported in React 18. Use createRoot instead. Until you switch to the new API, your app will behave as if it's running React 17. Learn more: https://reactjs.org/link/switch-to-createroot

      12 | describe("test editSteps", () => {
      13 |     beforeEach(() =>
    > 14 |         render(<EditSteps steps={testSteps} setSteps={setSteps}></EditSteps>)
         |         ^
      15 |     );
      16 |     test("editSteps component displays", () => {
      17 |         const comp = screen.getByText(/Change Steps/i);

      at printWarning (node_modules/react-dom/cjs/react-dom.development.js:86:30)
      at error (node_modules/react-dom/cjs/react-dom.development.js:60:7)
      at Object.render (node_modules/react-dom/cjs/react-dom.development.js:29670:5)
      at node_modules/@testing-library/react/dist/pure.js:101:25
      at act (node_modules/react/cjs/react.development.js:2512:16)
      at render (node_modules/@testing-library/react/dist/pure.js:97:26)
      at Object.<anonymous> (src/editing-components/EditSteps.test.tsx:14:9)

    console.error
      Warning: ReactDOM.render is no longer supported in React 18. Use createRoot instead. Until you switch to the new API, your app will behave as if it's running React 17. Learn more: https://reactjs.org/link/switch-to-createroot

      12 | describe("test editSteps", () => {
      13 |     beforeEach(() =>
    > 14 |         render(<EditSteps steps={testSteps} setSteps={setSteps}></EditSteps>)
         |         ^
      15 |     );
      16 |     test("editSteps component displays", () => {
      17 |         const comp = screen.getByText(/Change Steps/i);

      at printWarning (node_modules/react-dom/cjs/react-dom.development.js:86:30)
      at error (node_modules/react-dom/cjs/react-dom.development.js:60:7)
      at Object.render (node_modules/react-dom/cjs/react-dom.development.js:29670:5)
      at node_modules/@testing-library/react/dist/pure.js:101:25
      at act (node_modules/react/cjs/react.development.js:2512:16)
      at render (node_modules/@testing-library/react/dist/pure.js:97:26)
      at Object.<anonymous> (src/editing-components/EditSteps.test.tsx:14:9)

PASS src/editing-components/EditTime.test.tsx
  ● Console

    console.error
      Warning: ReactDOM.render is no longer supported in React 18. Use createRoot instead. Until you switch to the new API, your app will behave as if it's running React 17. Learn more: https://reactjs.org/link/switch-to-createroot

      11 | describe("Testing EditTime", () => {
      12 |     beforeEach(() => {
    > 13 |         render(<EditTime time={time} setTime={setTime}></EditTime>);
         |         ^
      14 |     });
      15 |     test("there is a drop down list", () => {
      16 |         const dropDown = screen.getByRole("select");

      at printWarning (node_modules/react-dom/cjs/react-dom.development.js:86:30)
      at error (node_modules/react-dom/cjs/react-dom.development.js:60:7)
      at Object.render (node_modules/react-dom/cjs/react-dom.development.js:29670:5)
      at node_modules/@testing-library/react/dist/pure.js:101:25
      at act (node_modules/react/cjs/react.development.js:2512:16)
      at render (node_modules/@testing-library/react/dist/pure.js:97:26)
      at Object.<anonymous> (src/editing-components/EditTime.test.tsx:13:9)

    console.error
      Warning: ReactDOM.render is no longer supported in React 18. Use createRoot instead. Until you switch to the new API, your app will behave as if it's running React 17. Learn more: https://reactjs.org/link/switch-to-createroot

      11 | describe("Testing EditTime", () => {
      12 |     beforeEach(() => {
    > 13 |         render(<EditTime time={time} setTime={setTime}></EditTime>);
         |         ^
      14 |     });
      15 |     test("there is a drop down list", () => {
      16 |         const dropDown = screen.getByRole("select");

      at printWarning (node_modules/react-dom/cjs/react-dom.development.js:86:30)
      at error (node_modules/react-dom/cjs/react-dom.development.js:60:7)
      at Object.render (node_modules/react-dom/cjs/react-dom.development.js:29670:5)
      at node_modules/@testing-library/react/dist/pure.js:101:25
      at act (node_modules/react/cjs/react.development.js:2512:16)
      at render (node_modules/@testing-library/react/dist/pure.js:97:26)
      at Object.<anonymous> (src/editing-components/EditTime.test.tsx:13:9)

    console.error
      Warning: ReactDOM.render is no longer supported in React 18. Use createRoot instead. Until you switch to the new API, your app will behave as if it's running React 17. Learn more: https://reactjs.org/link/switch-to-createroot

      11 | describe("Testing EditTime", () => {
      12 |     beforeEach(() => {
    > 13 |         render(<EditTime time={time} setTime={setTime}></EditTime>);
         |         ^
      14 |     });
      15 |     test("there is a drop down list", () => {
      16 |         const dropDown = screen.getByRole("select");

      at printWarning (node_modules/react-dom/cjs/react-dom.development.js:86:30)
      at error (node_modules/react-dom/cjs/react-dom.development.js:60:7)
      at Object.render (node_modules/react-dom/cjs/react-dom.development.js:29670:5)
      at node_modules/@testing-library/react/dist/pure.js:101:25
      at act (node_modules/react/cjs/react.development.js:2512:16)
      at render (node_modules/@testing-library/react/dist/pure.js:97:26)
      at Object.<anonymous> (src/editing-components/EditTime.test.tsx:13:9)

    console.error
      Warning: ReactDOM.render is no longer supported in React 18. Use createRoot instead. Until you switch to the new API, your app will behave as if it's running React 17. Learn more: https://reactjs.org/link/switch-to-createroot

      11 | describe("Testing EditTime", () => {
      12 |     beforeEach(() => {
    > 13 |         render(<EditTime time={time} setTime={setTime}></EditTime>);
         |         ^
      14 |     });
      15 |     test("there is a drop down list", () => {
      16 |         const dropDown = screen.getByRole("select");

      at printWarning (node_modules/react-dom/cjs/react-dom.development.js:86:30)
      at error (node_modules/react-dom/cjs/react-dom.development.js:60:7)
      at Object.render (node_modules/react-dom/cjs/react-dom.development.js:29670:5)
      at node_modules/@testing-library/react/dist/pure.js:101:25
      at act (node_modules/react/cjs/react.development.js:2512:16)
      at render (node_modules/@testing-library/react/dist/pure.js:97:26)
      at Object.<anonymous> (src/editing-components/EditTime.test.tsx:13:9)

PASS src/list-components/ChangeRole.test.tsx
  ● Console

    console.error
      Warning: ReactDOM.render is no longer supported in React 18. Use createRoot instead. Until you switch to the new API, your app will behave as if it's running React 17. Learn more: https://reactjs.org/link/switch-to-createroot

      12 | describe("Change role test", () => {
      13 |     beforeEach(() =>
    > 14 |         render(
         |         ^
      15 |             <ChangeRole
      16 |                 Role={ROLE1}
      17 |                 roles={roleList}

      at printWarning (node_modules/react-dom/cjs/react-dom.development.js:86:30)
      at error (node_modules/react-dom/cjs/react-dom.development.js:60:7)
      at Object.render (node_modules/react-dom/cjs/react-dom.development.js:29670:5)
      at node_modules/@testing-library/react/dist/pure.js:101:25
      at act (node_modules/react/cjs/react.development.js:2512:16)
      at render (node_modules/@testing-library/react/dist/pure.js:97:26)
      at Object.<anonymous> (src/list-components/ChangeRole.test.tsx:14:9)

    console.error
      Warning: ReactDOM.render is no longer supported in React 18. Use createRoot instead. Until you switch to the new API, your app will behave as if it's running React 17. Learn more: https://reactjs.org/link/switch-to-createroot

      12 | describe("Change role test", () => {
      13 |     beforeEach(() =>
    > 14 |         render(
         |         ^
      15 |             <ChangeRole
      16 |                 Role={ROLE1}
      17 |                 roles={roleList}

      at printWarning (node_modules/react-dom/cjs/react-dom.development.js:86:30)
      at error (node_modules/react-dom/cjs/react-dom.development.js:60:7)
      at Object.render (node_modules/react-dom/cjs/react-dom.development.js:29670:5)
      at node_modules/@testing-library/react/dist/pure.js:101:25
      at act (node_modules/react/cjs/react.development.js:2512:16)
      at render (node_modules/@testing-library/react/dist/pure.js:97:26)
      at Object.<anonymous> (src/list-components/ChangeRole.test.tsx:14:9)

FAIL src/list-components/dist/ChangeRole.test.js
  ● Change role test › change role component displays

    TypeError: Cannot read properties of undefined (reading 'createElement')

      10 | describe("Change role test", function () {
      11 |     beforeEach(function () {
    > 12 |         return react_2.render(react_1["default"].createElement(ChangeRole_1.ChangeRole, { Role: ROLE1, roles: roleList, setRole: function ( /*newUsers: User[]*/) {
         |                                                  ^
      13 |                 throw new Error("Function not implemented.");
      14 |             } }));
      15 |     });

      at Object.<anonymous> (src/list-components/dist/ChangeRole.test.js:12:50)

  ● Change role test › component updates

    TypeError: Cannot read properties of undefined (reading 'createElement')

      10 | describe("Change role test", function () {
      11 |     beforeEach(function () {
    > 12 |         return react_2.render(react_1["default"].createElement(ChangeRole_1.ChangeRole, { Role: ROLE1, roles: roleList, setRole: function ( /*newUsers: User[]*/) {
         |                                                  ^
      13 |                 throw new Error("Function not implemented.");
      14 |             } }));
      15 |     });

      at Object.<anonymous> (src/list-components/dist/ChangeRole.test.js:12:50)

FAIL src/editing-components/dist/edit-difficulty.test.js
  ● testing edit difficulty component › component displays

    TypeError: Cannot read properties of undefined (reading 'createElement')

      10 | describe("testing edit difficulty component", function () {
      11 |     beforeEach(function () {
    > 12 |         react_2.render(react_1["default"].createElement(edit_difficulty_1.EditDifficulty, { diff: difficulty, setDifficulty: setDifficulty }));
         |                                           ^
      13 |     });
      14 |     test("component displays", function () {
      15 |         var compDisplayed = react_2.screen.getByText("Choose Difficulty:");

      at Object.<anonymous> (src/editing-components/dist/edit-difficulty.test.js:12:43)

  ● testing edit difficulty component › difficulty is updating

    TypeError: Cannot read properties of undefined (reading 'createElement')

      10 | describe("testing edit difficulty component", function () {
      11 |     beforeEach(function () {
    > 12 |         react_2.render(react_1["default"].createElement(edit_difficulty_1.EditDifficulty, { diff: difficulty, setDifficulty: setDifficulty }));
         |                                           ^
      13 |     });
      14 |     test("component displays", function () {
      15 |         var compDisplayed = react_2.screen.getByText("Choose Difficulty:");

      at Object.<anonymous> (src/editing-components/dist/edit-difficulty.test.js:12:43)

PASS src/editing-components/edit-difficulty.test.tsx
  ● Console

    console.error
      Warning: ReactDOM.render is no longer supported in React 18. Use createRoot instead. Until you switch to the new API, your app will behave as if it's running React 17. Learn more: https://reactjs.org/link/switch-to-createroot

      11 | describe("testing edit difficulty component", () => {
      12 |     beforeEach(() => {
    > 13 |         render(
         |         ^
      14 |             <EditDifficulty
      15 |                 diff={difficulty}
      16 |                 setDifficulty={setDifficulty}

      at printWarning (node_modules/react-dom/cjs/react-dom.development.js:86:30)
      at error (node_modules/react-dom/cjs/react-dom.development.js:60:7)
      at Object.render (node_modules/react-dom/cjs/react-dom.development.js:29670:5)
      at node_modules/@testing-library/react/dist/pure.js:101:25
      at act (node_modules/react/cjs/react.development.js:2512:16)
      at render (node_modules/@testing-library/react/dist/pure.js:97:26)
      at Object.<anonymous> (src/editing-components/edit-difficulty.test.tsx:13:9)

    console.error
      Warning: ReactDOM.render is no longer supported in React 18. Use createRoot instead. Until you switch to the new API, your app will behave as if it's running React 17. Learn more: https://reactjs.org/link/switch-to-createroot

      11 | describe("testing edit difficulty component", () => {
      12 |     beforeEach(() => {
    > 13 |         render(
         |         ^
      14 |             <EditDifficulty
      15 |                 diff={difficulty}
      16 |                 setDifficulty={setDifficulty}

      at printWarning (node_modules/react-dom/cjs/react-dom.development.js:86:30)
      at error (node_modules/react-dom/cjs/react-dom.development.js:60:7)
      at Object.render (node_modules/react-dom/cjs/react-dom.development.js:29670:5)
      at node_modules/@testing-library/react/dist/pure.js:101:25
      at act (node_modules/react/cjs/react.development.js:2512:16)
      at render (node_modules/@testing-library/react/dist/pure.js:97:26)
      at Object.<anonymous> (src/editing-components/edit-difficulty.test.tsx:13:9)

-----------------------------|---------|----------|---------|---------|---------------------------------------------
File                         | % Stmts | % Branch | % Funcs | % Lines | Uncovered Line #s                           
-----------------------------|---------|----------|---------|---------|---------------------------------------------
All files                    |   53.98 |    42.77 |   52.35 |   54.26 |                                             
 src                         |   57.89 |        0 |   66.66 |   57.89 |                                             
  App.tsx                    |       0 |        0 |       0 |       0 | 19-43                                       
  CustomRender.tsx           |     100 |      100 |     100 |     100 |                                             
  TASKS.tsx                  |     100 |      100 |     100 |     100 |                                             
  TaskFunctions.tsx          |     100 |      100 |     100 |     100 |                                             
 src/editing-components      |   81.63 |       80 |      72 |   82.97 |                                             
  EditDescription.tsx        |     100 |      100 |     100 |     100 |                                             
  EditStatus.tsx             |     100 |      100 |     100 |     100 |                                             
  EditSteps.tsx              |     100 |      100 |     100 |     100 |                                             
  EditTask.tsx               |   72.22 |       50 |   33.33 |   76.47 | 53-56,102                                   
  EditTime.tsx               |      60 |      100 |   66.66 |      60 | 14-15                                       
  Times.tsx                  |     100 |      100 |     100 |     100 |                                             
  edit-difficulty.tsx        |      60 |      100 |      50 |      60 | 10,25                                       
 src/interfaces              |       0 |        0 |       0 |       0 |                                             
  task.ts                    |       0 |        0 |       0 |       0 |                                             
  user.ts                    |       0 |        0 |       0 |       0 |                                             
 src/list-components         |   50.15 |    43.75 |   48.87 |   50.31 |                                             
  CentralItemList.tsx        |    19.6 |       25 |   16.66 |      20 | 28-102,131-177                              
  ChangeRole.tsx             |     100 |      100 |     100 |     100 |                                             
  DisplayTask.tsx            |    87.5 |       75 |   83.33 |    87.5 | 63                                          
  ModifyUsers.tsx            |   77.77 |    83.33 |     100 |   77.77 | 40-42,60-62                                 
  UserList.tsx               |   15.11 |    16.66 |   12.82 |   16.04 | 40-66,76,85-214,236-237,244,260-263,285-354 
  addTask.tsx                |   73.91 |     87.5 |      50 |   73.91 | 39-52,60                                    
  adminlist.tsx              |   65.07 |    53.84 |      52 |   65.57 | 32,40-74,102-103,110,185                    
  deleteTask-component.tsx   |      88 |    83.33 |     100 |    87.5 | 61-63                                       
  filterlists.tsx            |   96.42 |       75 |     100 |   95.83 | 29                                          
  search.tsx                 |     100 |      100 |     100 |     100 |                                             
  searchForUsersWithTask.tsx |       0 |        0 |       0 |       0 | 10-38                                       
 src/pages                   |       0 |        0 |       0 |       0 |                                             
  AboutPage.tsx              |       0 |      100 |       0 |       0 | 5                                           
  taskPage.tsx               |       0 |        0 |       0 |       0 | 37-40                                       
-----------------------------|---------|----------|---------|---------|---------------------------------------------

Summary of all failing tests
FAIL src/dist/App.test.js
  ● Test suite failed to run

    Cannot find module './list-components/CentralItemList' from 'src/dist/App.test.js'

       5 | var react_2 = require("@testing-library/react");
       6 | var TASKS_1 = require("./TASKS");
    >  7 | var CentralItemList_1 = require("./list-components/CentralItemList");
         |                         ^
       8 | var UserList_1 = require("./list-components/UserList");
       9 | var adminlist_1 = require("./list-components/adminlist");
      10 | var deleteTask_component_1 = require("./list-components/deleteTask-component");

      at Resolver.resolveModule (node_modules/jest-resolve/build/resolver.js:324:11)
      at Object.<anonymous> (src/dist/App.test.js:7:25)

FAIL src/list-components/dist/deleteTak.test.js
  ● Delete task tests › There is a switch

    TypeError: Cannot read properties of undefined (reading 'createElement')

      44 | describe("Delete task tests", function () {
      45 |     beforeEach(function () {
    > 46 |         return react_2.render(react_1["default"].createElement(deleteTask_component_1.DeleteTask
         |                                                  ^
      47 |         //item={TASK1}
      48 |         , { 
      49 |             //item={TASK1}

      at Object.<anonymous> (src/list-components/dist/deleteTak.test.js:46:50)

  ● Delete task tests › On switch click, there is a textbox and buttons: 

    TypeError: Cannot read properties of undefined (reading 'createElement')

      44 | describe("Delete task tests", function () {
      45 |     beforeEach(function () {
    > 46 |         return react_2.render(react_1["default"].createElement(deleteTask_component_1.DeleteTask
         |                                                  ^
      47 |         //item={TASK1}
      48 |         , { 
      49 |             //item={TASK1}

      at Object.<anonymous> (src/list-components/dist/deleteTak.test.js:46:50)

  ● Delete task tests › Clicking delete task deletes from the list and leaves edit mode

    TypeError: Cannot read properties of undefined (reading 'createElement')

      44 | describe("Delete task tests", function () {
      45 |     beforeEach(function () {
    > 46 |         return react_2.render(react_1["default"].createElement(deleteTask_component_1.DeleteTask
         |                                                  ^
      47 |         //item={TASK1}
      48 |         , { 
      49 |             //item={TASK1}

      at Object.<anonymous> (src/list-components/dist/deleteTak.test.js:46:50)

FAIL src/list-components/dist/addTask.test.js
  ● Add tasks tests › There is a switch

    TypeError: Cannot read properties of undefined (reading 'createElement')

      32 | describe("Add tasks tests", function () {
      33 |     beforeEach(function () {
    > 34 |         return react_2.render(react_1["default"].createElement(addTask_1.AddTask
         |                                                  ^
      35 |         //item={TASK1}
      36 |         , { 
      37 |             //item={TASK1}

      at Object.<anonymous> (src/list-components/dist/addTask.test.js:34:50)

  ● Add tasks tests › On switch click, there is a textbox and buttons: 

    TypeError: Cannot read properties of undefined (reading 'createElement')

      32 | describe("Add tasks tests", function () {
      33 |     beforeEach(function () {
    > 34 |         return react_2.render(react_1["default"].createElement(addTask_1.AddTask
         |                                                  ^
      35 |         //item={TASK1}
      36 |         , { 
      37 |             //item={TASK1}

      at Object.<anonymous> (src/list-components/dist/addTask.test.js:34:50)

  ● Add tasks tests › Clicking add task adds a task and leaves edit mode

    TypeError: Cannot read properties of undefined (reading 'createElement')

      32 | describe("Add tasks tests", function () {
      33 |     beforeEach(function () {
    > 34 |         return react_2.render(react_1["default"].createElement(addTask_1.AddTask
         |                                                  ^
      35 |         //item={TASK1}
      36 |         , { 
      37 |             //item={TASK1}

      at Object.<anonymous> (src/list-components/dist/addTask.test.js:34:50)

FAIL src/editing-components/dist/EditSteps.test.js
  ● Test suite failed to run

    Cannot find module './EditSteps' from 'src/editing-components/dist/EditSteps.test.js'

    However, Jest was able to find:
    	'./EditSteps.test.js'

    You might want to include a file extension in your import, or update your 'moduleFileExtensions', which is currently ['web.js', 'js', 'web.ts', 'ts', 'web.tsx', 'tsx', 'json', 'web.jsx', 'jsx', 'node'].

    See https://jestjs.io/docs/configuration#modulefileextensions-arraystring

      3 | var react_1 = require("react");
      4 | var react_2 = require("@testing-library/react");
    > 5 | var EditSteps_1 = require("./EditSteps");
        |                   ^
      6 | var testSteps = ["hello", "this", "is", "a", "test"];
      7 | //This function does nothing and is only here to be passed in to the component function
      8 | function setSteps(newSteps) {

      at Resolver.resolveModule (node_modules/jest-resolve/build/resolver.js:324:11)
      at Object.<anonymous> (src/editing-components/dist/EditSteps.test.js:5:19)

FAIL src/list-components/dist/ChangeRole.test.js
  ● Change role test › change role component displays

    TypeError: Cannot read properties of undefined (reading 'createElement')

      10 | describe("Change role test", function () {
      11 |     beforeEach(function () {
    > 12 |         return react_2.render(react_1["default"].createElement(ChangeRole_1.ChangeRole, { Role: ROLE1, roles: roleList, setRole: function ( /*newUsers: User[]*/) {
         |                                                  ^
      13 |                 throw new Error("Function not implemented.");
      14 |             } }));
      15 |     });

      at Object.<anonymous> (src/list-components/dist/ChangeRole.test.js:12:50)

  ● Change role test › component updates

    TypeError: Cannot read properties of undefined (reading 'createElement')

      10 | describe("Change role test", function () {
      11 |     beforeEach(function () {
    > 12 |         return react_2.render(react_1["default"].createElement(ChangeRole_1.ChangeRole, { Role: ROLE1, roles: roleList, setRole: function ( /*newUsers: User[]*/) {
         |                                                  ^
      13 |                 throw new Error("Function not implemented.");
      14 |             } }));
      15 |     });

      at Object.<anonymous> (src/list-components/dist/ChangeRole.test.js:12:50)

FAIL src/editing-components/dist/edit-difficulty.test.js
  ● testing edit difficulty component › component displays

    TypeError: Cannot read properties of undefined (reading 'createElement')

      10 | describe("testing edit difficulty component", function () {
      11 |     beforeEach(function () {
    > 12 |         react_2.render(react_1["default"].createElement(edit_difficulty_1.EditDifficulty, { diff: difficulty, setDifficulty: setDifficulty }));
         |                                           ^
      13 |     });
      14 |     test("component displays", function () {
      15 |         var compDisplayed = react_2.screen.getByText("Choose Difficulty:");

      at Object.<anonymous> (src/editing-components/dist/edit-difficulty.test.js:12:43)

  ● testing edit difficulty component › difficulty is updating

    TypeError: Cannot read properties of undefined (reading 'createElement')

      10 | describe("testing edit difficulty component", function () {
      11 |     beforeEach(function () {
    > 12 |         react_2.render(react_1["default"].createElement(edit_difficulty_1.EditDifficulty, { diff: difficulty, setDifficulty: setDifficulty }));
         |                                           ^
      13 |     });
      14 |     test("component displays", function () {
      15 |         var compDisplayed = react_2.screen.getByText("Choose Difficulty:");

      at Object.<anonymous> (src/editing-components/dist/edit-difficulty.test.js:12:43)


Test Suites: 6 failed, 18 passed, 24 total
Tests:       10 failed, 91 passed, 101 total
Snapshots:   0 total
Time:        15.877 s
Ran all test suites.
